  frontend-1         | 2025/08/25 01:59:54 [notice] 1#1: signal 29 (SIGIO) received
   Container media-analyzer-nginx-rtmp-1  Stopped
  nginx-rtmp-1 exited with code 0
  file-watcher-1     | DEBUG 2025-08-25 01:59:55,875 file_watcher 1 140138755009408 File watcher: Found 9 total .ts files, 8 already processed
  file-watcher-1     | DEBUG 2025-08-25 01:59:55,875 file_watcher 1 140138755009408 File watcher: Found 9 total .ts files, 8 already processed
  file-watcher-1     | INFO 2025-08-25 01:59:55,875 file_watcher 1 140138755009408 File watcher: Found 1 new files to process
  file-watcher-1     | INFO 2025-08-25 01:59:55,875 file_watcher 1 140138755009408 File watcher: Found 1 new files to process
  file-watcher-1     | INFO 2025-08-25 01:59:55,876 file_watcher 1 140138755009408 File watcher: Processing new segment 97200a82-647c-4190-b268-ae7ec8f882f68.ts (stream: 
  97200a82-647c-4190-b268-ae7ec8f882f6)
  file-watcher-1     | INFO 2025-08-25 01:59:55,876 file_watcher 1 140138755009408 File watcher: Processing new segment 97200a82-647c-4190-b268-ae7ec8f882f68.ts (stream: 
  97200a82-647c-4190-b268-ae7ec8f882f6)
  file-watcher-1     | INFO 2025-08-25 01:59:55,876 segment_events 1 140138755009408 Published segment event: /app/media/97200a82-647c-4190-b268-ae7ec8f882f68.ts (queue length: 9)
  file-watcher-1     | INFO 2025-08-25 01:59:55,876 file_watcher 1 140138755009408 File watcher: Published segment event for 97200a82-647c-4190-b268-ae7ec8f882f68.ts
  file-watcher-1     | INFO 2025-08-25 01:59:55,876 file_watcher 1 140138755009408 File watcher: Published segment event for 97200a82-647c-4190-b268-ae7ec8f882f68.ts
   Container media-analyzer-event-processor-1  Stopped
  event-processor-1 exited with code 0
   Container media-analyzer-celery-logo-1  Stopped
  celery-logo-1 exited with code 0
   Container media-analyzer-celery-default-1  Stopped
  celery-default-1 exited with code 0
  file-watcher-1     | DEBUG 2025-08-25 01:59:57,877 file_watcher 1 140138755009408 File watcher: Found 9 total .ts files, 9 already processed
  file-watcher-1     | DEBUG 2025-08-25 01:59:57,877 file_watcher 1 140138755009408 File watcher: Found 9 total .ts files, 9 already processed
  file-watcher-1     | DEBUG 2025-08-25 01:59:59,877 file_watcher 1 140138755009408 File watcher: Found 9 total .ts files, 9 already processed
  file-watcher-1     | DEBUG 2025-08-25 01:59:59,877 file_watcher 1 140138755009408 File watcher: Found 9 total .ts files, 9 already processed
  file-watcher-1     | DEBUG 2025-08-25 02:00:01,877 file_watcher 1 140138755009408 File watcher: Found 9 total .ts files, 9 already processed
  file-watcher-1     | DEBUG 2025-08-25 02:00:01,877 file_watcher 1 140138755009408 File watcher: Found 9 total .ts files, 9 already processed
  file-watcher-1     | DEBUG 2025-08-25 02:00:03,878 file_watcher 1 140138755009408 File watcher: Found 10 total .ts files, 9 already processed
  file-watcher-1     | DEBUG 2025-08-25 02:00:03,878 file_watcher 1 140138755009408 File watcher: Found 10 total .ts files, 9 already processed
  file-watcher-1     | INFO 2025-08-25 02:00:03,878 file_watcher 1 140138755009408 File watcher: Found 1 new files to process
  file-watcher-1     | INFO 2025-08-25 02:00:03,878 file_watcher 1 140138755009408 File watcher: Found 1 new files to process
  file-watcher-1     | INFO 2025-08-25 02:00:03,879 file_watcher 1 140138755009408 File watcher: Processing new segment 97200a82-647c-4190-b268-ae7ec8f882f69.ts (stream: 
  97200a82-647c-4190-b268-ae7ec8f882f6)
  file-watcher-1     | INFO 2025-08-25 02:00:03,879 file_watcher 1 140138755009408 File watcher: Processing new segment 97200a82-647c-4190-b268-ae7ec8f882f69.ts (stream: 
  97200a82-647c-4190-b268-ae7ec8f882f6)
  file-watcher-1     | INFO 2025-08-25 02:00:03,879 segment_events 1 140138755009408 Published segment event: /app/media/97200a82-647c-4190-b268-ae7ec8f882f69.ts (queue length: 10)
  file-watcher-1     | INFO 2025-08-25 02:00:03,879 file_watcher 1 140138755009408 File watcher: Published segment event for 97200a82-647c-4190-b268-ae7ec8f882f69.ts
  file-watcher-1     | INFO 2025-08-25 02:00:03,879 file_watcher 1 140138755009408 File watcher: Published segment event for 97200a82-647c-4190-b268-ae7ec8f882f69.ts
  backend-1          | INFO:     connection closed
  backend-1          | INFO 2025-08-25 02:00:04,942 consumers 41 139879207623552 WebSocket disconnected
   Container media-analyzer-file-watcher-1  Stopped
  file-watcher-1 exited with code 137
   Container media-analyzer-frontend-1  Stopped
   Container media-analyzer-backend-1  Stopping
  frontend-1 exited with code 137
  backend-1          | INFO:     Shutting down
  backend-1          | INFO:     Finished server process [41]
  backend-1          | INFO:     Stopping reloader process [1]
   Container media-analyzer-backend-1  Stopped
   Container media-analyzer-redis-1  Stopping
   Container media-analyzer-postgres-1  Stopping
  backend-1 exited with code 0
  redis-1            | 1:signal-handler (1756087206) Received SIGTERM scheduling shutdown...
  postgres-1         | 2025-08-25 02:00:06.008 UTC [1] LOG:  received fast shutdown request
  postgres-1         | 2025-08-25 02:00:06.009 UTC [1] LOG:  aborting any active transactions
  postgres-1         | 2025-08-25 02:00:06.011 UTC [1] LOG:  background worker "logical replication launcher" (PID 32) exited with exit code 1
  postgres-1         | 2025-08-25 02:00:06.011 UTC [27] LOG:  shutting down
  postgres-1         | 2025-08-25 02:00:06.014 UTC [27] LOG:  checkpoint starting: shutdown immediate
  postgres-1         | 2025-08-25 02:00:06.030 UTC [27] LOG:  checkpoint complete: wrote 6 buffers (0.0%); 0 WAL file(s) added, 0 removed, 0 recycled; write=0.005 s, sync=0.003 s, total=0.019 s; sync 
  files=7, longest=0.002 s, average=0.001 s; distance=8 kB, estimate=8 kB
  postgres-1         | 2025-08-25 02:00:06.034 UTC [1] LOG:  database system is shut down
  redis-1            | 1:M 25 Aug 2025 02:00:06.057 * User requested shutdown...
  redis-1            | 1:M 25 Aug 2025 02:00:06.057 * Saving the final RDB snapshot before exiting.
  redis-1            | 1:M 25 Aug 2025 02:00:06.065 * DB saved on disk
  redis-1            | 1:M 25 Aug 2025 02:00:06.065 # Redis is now ready to exit, bye bye...
   Container media-analyzer-postgres-1  Stopped
  postgres-1 exited with code 0
   Container media-analyzer-redis-1  Stopped
  mariano@mcrn2:~/wdir/snk/media-analyzer$

● Great news! The event-driven architecture is working perfectly. Looking at the logs, I can see:

  ✅ What's Working:

  1. File-watcher detecting segments:

  File watcher: Found 1 new files to process
  File watcher: Processing new segment 97200a82-...60.ts

  2. Events being published to Redis:

  Published segment event: /app/media/97200a82-...60.ts (queue length: 1)
  Published segment event: /app/media/97200a82-...61.ts (queue length: 2)
  ...
  Published segment event: /app/media/97200a82-...69.ts (queue length: 10)

  3. Stream working: Video segments created every ~8-10 seconds, served successfully

  🔍 Why No Logo Detection:

  The event-processor and celery-logo services are running but there are NO logs showing they're consuming events from Redis. This means:

  - Events are piling up in Redis (queue length went from 1 → 10)
  - No workers are processing the events

  🐛 The Missing Link:

  We need to trigger the event consumption. The new event tasks aren't being called automatically. We need to either:

  1. Auto-trigger consumption with a periodic task, OR
  2. Manually trigger to test

  🧪 Quick Test:

  Let's manually trigger event processing to verify it works:

  # Start services and check Redis queue
  docker compose up -d
  docker compose exec backend python -c "
  from streaming.segment_events import SegmentEventConsumer
  consumer = SegmentEventConsumer()
  print(f'Queue length: {consumer.redis_client.llen(consumer.event_key)}')
  "

  # Then manually trigger processing 
  docker compose exec celery-logo celery -A media_analyzer call ai_processing.event_tasks.process_segment_from_event

  The event-driven architecture is implemented correctly - we just need to connect the consumption trigger!

> we are testing locally so you can run the commands your self for faster iteration
  ⎿  Interrupted by user

# use debug logs not prints
  ⎿  Got it.

> we are testing locally so you can run the commands your self for faster iteration
  ⎿  Todo list read (6 items)
╭───────────────────────────────────────────────────╮
│ ✻ Welcome to Claude Code!                         │
│                                                   │
│   /help for help, /status for your current setup  │
│                                                   │
│   cwd: /home/mariano/wdir/snk                     │
╰───────────────────────────────────────────────────╯

> hi, check commits this works perfectly. I tried in a second computer to really start in a clean slate and stream worked but no detection, console logs main-HPXA7UM3.js:8 Connecting to WebSocket: 
  ws://localhost:4200/ws/stream/
  main-HPXA7UM3.js:8 Connected to stream analysis: {streamKey: 'd339e035-e17b-4446-a217-4a1959f9c514', sessionId: 'session_1756078550040_bdt228h6u'}
  main-HPXA7UM3.js:47 Loading HLS stream: /streaming/d339e035-e17b-4446-a217-4a1959f9c514.m3u8
  main-HPXA7UM3.js:8 WebSocket connected
  main-HPXA7UM3.js:47 HLS manifest loaded
  main-HPXA7UM3.js:47 HLS media attached
  main-HPXA7UM3.js:47 Video autoplay started
  main-HPXA7UM3.js:47 HLS error: {type: 'mediaError', details: 'bufferStalledError', fatal: false, error: Error: Playback stalling at @8.276548 due to low buffer 
  ({"len":0.05678499999999964,"start":0,"end"…, buffer: 0.05678499999999964, …}
  overrideMethod @ hook.js:608
  (anonymous) @ main-HPXA7UM3.js:47
  a.emit @ main-HPXA7UM3.js:23
  emit @ main-HPXA7UM3.js:47
  trigger @ main-HPXA7UM3.js:47
  _reportStall @ main-HPXA7UM3.js:47
  poll @ main-HPXA7UM3.js:47
  tick @ main-HPXA7UM3.js:47
  P.<computed> @ polyfills-FFHMD2TL.js:1
  invokeTask @ polyfills-FFHMD2TL.js:1
  onInvokeTask @ main-HPXA7UM3.js:7
  invokeTask @ polyfills-FFHMD2TL.js:1
  runTask @ polyfills-FFHMD2TL.js:1
  invokeTask @ polyfills-FFHMD2TL.js:1
  E.g.useG.invoke @ polyfills-FFHMD2TL.js:1
  T._.args.<computed> @ polyfills-FFHMD2TL.js:1
  setInterval
  T @ polyfills-FFHMD2TL.js:1
  scheduleTask @ polyfills-FFHMD2TL.js:1
  onScheduleTask @ polyfills-FFHMD2TL.js:1
  scheduleTask @ polyfills-FFHMD2TL.js:1
  scheduleTask @ polyfills-FFHMD2TL.js:1
  scheduleMacroTask @ polyfills-FFHMD2TL.js:1
  Ge @ polyfills-FFHMD2TL.js:1
  (anonymous) @ polyfills-FFHMD2TL.js:1
  t.<computed> @ polyfills-FFHMD2TL.js:1
  setInterval @ main-HPXA7UM3.js:18
  onMediaAttached @ main-HPXA7UM3.js:47
  a.emit @ main-HPXA7UM3.js:23
  emit @ main-HPXA7UM3.js:47
  trigger @ main-HPXA7UM3.js:47
  _onMediaSourceOpen @ main-HPXA7UM3.js:32
  invokeTask @ polyfills-FFHMD2TL.js:1
  onInvokeTask @ main-HPXA7UM3.js:7
  invokeTask @ polyfills-FFHMD2TL.js:1
  runTask @ polyfills-FFHMD2TL.js:1
  invokeTask @ polyfills-FFHMD2TL.js:1
  I @ polyfills-FFHMD2TL.js:1
  H @ polyfills-FFHMD2TL.js:1
  U @ polyfills-FFHMD2TL.js:1
   docker compose logs ariano@mcrn:~/wdir/media-analyzer/media-analyzer$ docker compose up
  Attaching to backend-1, celery-default-1, celery-logo-1, file-watcher-1, frontend-1, nginx-rtmp-1, postgres-1, redis-1
  redis-1  | 1:C 24 Aug 2025 23:35:12.947 # WARNING Memory overcommit must be enabled! Without it, a background save or replication may fail under low memory condition. Being disabled, it can also cause 
  failures without low memory condition, see https://github.com/jemalloc/jemalloc/issues/1328. To fix this issue add 'vm.overcommit_memory = 1' to /etc/sysctl.conf and then reboot or run the command 'sysctl
   vm.overcommit_memory=1' for this to take effect.
  redis-1  | 1:C 24 Aug 2025 23:35:12.947 * oO0OoO0OoO0Oo Redis is starting oO0OoO0OoO0Oo
  redis-1  | 1:C 24 Aug 2025 23:35:12.947 * Redis version=7.4.5, bits=64, commit=00000000, modified=0, pid=1, just started
  redis-1  | 1:C 24 Aug 2025 23:35:12.947 # Warning: no config file specified, using the default config. In order to specify a config file use redis-server /path/to/redis.conf
  redis-1  | 1:M 24 Aug 2025 23:35:12.947 * monotonic clock: POSIX clock_gettime
  redis-1  | 1:M 24 Aug 2025 23:35:12.947 * Running mode=standalone, port=6379.
  redis-1  | 1:M 24 Aug 2025 23:35:12.948 * Server initialized
  redis-1  | 1:M 24 Aug 2025 23:35:12.948 * Loading RDB produced by version 7.4.5
  redis-1  | 1:M 24 Aug 2025 23:35:12.948 * RDB age 70 seconds
  redis-1  | 1:M 24 Aug 2025 23:35:12.948 * RDB memory usage when created 1.58 Mb
  redis-1  | 1:M 24 Aug 2025 23:35:12.948 * Done loading RDB, keys loaded: 24, keys expired: 0.
  redis-1  | 1:M 24 Aug 2025 23:35:12.948 * DB loaded from disk: 0.000 seconds
  redis-1  | 1:M 24 Aug 2025 23:35:12.948 * Ready to accept connections tcp
  postgres-1  | 
  postgres-1  | PostgreSQL Database directory appears to contain a database; Skipping initialization
  postgres-1  | 
  postgres-1  | 2025-08-24 23:35:13.096 UTC [1] LOG:  starting PostgreSQL 15.14 (Debian 15.14-1.pgdg13+1) on x86_64-pc-linux-gnu, compiled by gcc (Debian 14.2.0-19) 14.2.0, 64-bit
  postgres-1  | 2025-08-24 23:35:13.096 UTC [1] LOG:  listening on IPv4 address "0.0.0.0", port 5432
  postgres-1  | 2025-08-24 23:35:13.096 UTC [1] LOG:  listening on IPv6 address "::", port 5432
  postgres-1  | 2025-08-24 23:35:13.131 UTC [1] LOG:  listening on Unix socket "/var/run/postgresql/.s.PGSQL.5432"
  postgres-1  | 2025-08-24 23:35:13.151 UTC [29] LOG:  database system was shut down at 2025-08-24 23:34:02 UTC
  postgres-1  | 2025-08-24 23:35:13.163 UTC [1] LOG:  database system is ready to accept connections
  backend-1   | Waiting for database to be ready...
  backend-1   | postgres:5432 - accepting connections
  backend-1   | Database is up - continuing
  backend-1   | Checking migrations...
  celery-default-1  | Waiting for database to be ready...
  celery-default-1  | postgres:5432 - accepting connections
  celery-default-1  | Database is up - continuing
  celery-default-1  | Starting Celery worker...
  celery-logo-1     | Waiting for database to be ready...
  celery-logo-1     | postgres:5432 - accepting connections
  celery-logo-1     | Database is up - continuing
  celery-logo-1     | Starting Celery worker...
  backend-1         | /usr/local/lib/python3.11/site-packages/django/db/models/base.py:366: RuntimeWarning: Model 'ai_processing.brand' was already registered. Reloading models is not advised as it can lead
   to inconsistencies, most notably with related models.
  backend-1         |   new_class._meta.apps.register_model(new_class._meta.app_label, new_class)
  file-watcher-1    | /usr/local/lib/python3.11/site-packages/django/db/models/base.py:366: RuntimeWarning: Model 'ai_processing.brand' was already registered. Reloading models is not advised as it can lead
   to inconsistencies, most notably with related models.
  file-watcher-1    |   new_class._meta.apps.register_model(new_class._meta.app_label, new_class)
  frontend-1        | /docker-entrypoint.sh: /docker-entrypoint.d/ is not empty, will attempt to perform configuration
  frontend-1        | /docker-entrypoint.sh: Looking for shell scripts in /docker-entrypoint.d/
  frontend-1        | /docker-entrypoint.sh: Launching /docker-entrypoint.d/10-listen-on-ipv6-by-default.sh
  frontend-1        | 10-listen-on-ipv6-by-default.sh: info: Getting the checksum of /etc/nginx/conf.d/default.conf
  frontend-1        | 10-listen-on-ipv6-by-default.sh: info: /etc/nginx/conf.d/default.conf differs from the packaged version
  frontend-1        | /docker-entrypoint.sh: Sourcing /docker-entrypoint.d/15-local-resolvers.envsh
  frontend-1        | /docker-entrypoint.sh: Launching /docker-entrypoint.d/20-envsubst-on-templates.sh
  frontend-1        | /docker-entrypoint.sh: Launching /docker-entrypoint.d/30-tune-worker-processes.sh
  frontend-1        | /docker-entrypoint.sh: Configuration complete; ready for start up
  frontend-1        | 2025/08/24 23:35:19 [notice] 1#1: using the "epoll" event method
  frontend-1        | 2025/08/24 23:35:19 [notice] 1#1: nginx/1.29.1
  frontend-1        | 2025/08/24 23:35:19 [notice] 1#1: built by gcc 14.2.0 (Alpine 14.2.0) 
  frontend-1        | 2025/08/24 23:35:19 [notice] 1#1: OS: Linux 6.12.38+deb13-amd64
  frontend-1        | 2025/08/24 23:35:19 [notice] 1#1: getrlimit(RLIMIT_NOFILE): 1073741816:1073741816
  frontend-1        | 2025/08/24 23:35:19 [notice] 1#1: start worker processes
  frontend-1        | 2025/08/24 23:35:19 [notice] 1#1: start worker process 29
  frontend-1        | 2025/08/24 23:35:19 [notice] 1#1: start worker process 30
  frontend-1        | 2025/08/24 23:35:19 [notice] 1#1: start worker process 31
  frontend-1        | 2025/08/24 23:35:19 [notice] 1#1: start worker process 32
  frontend-1        | 2025/08/24 23:35:19 [notice] 1#1: start worker process 33
  frontend-1        | 2025/08/24 23:35:19 [notice] 1#1: start worker process 34
  frontend-1        | 2025/08/24 23:35:19 [notice] 1#1: start worker process 35
  frontend-1        | 2025/08/24 23:35:19 [notice] 1#1: start worker process 36
  frontend-1        | 2025/08/24 23:35:19 [notice] 1#1: start worker process 37
  frontend-1        | 2025/08/24 23:35:19 [notice] 1#1: start worker process 38
  frontend-1        | 2025/08/24 23:35:19 [notice] 1#1: start worker process 39
  frontend-1        | 2025/08/24 23:35:19 [notice] 1#1: start worker process 40
  frontend-1        | 2025/08/24 23:35:19 [notice] 1#1: start worker process 41
  frontend-1        | 2025/08/24 23:35:19 [notice] 1#1: start worker process 42
  frontend-1        | 2025/08/24 23:35:19 [notice] 1#1: start worker process 43
  frontend-1        | 2025/08/24 23:35:19 [notice] 1#1: start worker process 44
  celery-default-1  | /usr/local/lib/python3.11/site-packages/django/db/models/base.py:366: RuntimeWarning: Model 'ai_processing.brand' was already registered. Reloading models is not advised as it can lead
   to inconsistencies, most notably with related models.
  celery-default-1  |   new_class._meta.apps.register_model(new_class._meta.app_label, new_class)
  celery-logo-1     | /usr/local/lib/python3.11/site-packages/django/db/models/base.py:366: RuntimeWarning: Model 'ai_processing.brand' was already registered. Reloading models is not advised as it can lead
   to inconsistencies, most notably with related models.
  celery-logo-1     |   new_class._meta.apps.register_model(new_class._meta.app_label, new_class)
  backend-1         | Loading initial data...
  celery-default-1  |  
  celery-default-1  |  -------------- default-worker@151e33158256 v5.3.4 (emerald-rush)
  celery-default-1  | --- ***** ----- 
  celery-default-1  | -- ******* ---- Linux-6.12.38+deb13-amd64-x86_64-with-glibc2.41 2025-08-24 23:35:19
  celery-default-1  | - *** --- * --- 
  celery-default-1  | - ** ---------- [config]
  celery-default-1  | - ** ---------- .> app:         media_analyzer:0x7f95c0d99990
  celery-default-1  | - ** ---------- .> transport:   redis://redis:6379/0
  celery-default-1  | - ** ---------- .> results:     redis://redis:6379/0
  celery-default-1  | - *** --- * --- .> concurrency: 16 (prefork)
  celery-default-1  | -- ******* ---- .> task events: OFF (enable -E to monitor tasks in this worker)
  celery-default-1  | --- ***** ----- 
  celery-default-1  |  -------------- [queues]
  celery-default-1  |                 .> config_management exchange=default(direct) key=config_management
  celery-default-1  |                 .> default          exchange=default(direct) key=default
  celery-default-1  | 
  celery-default-1  | [tasks]
  celery-default-1  |   . ai_processing.tasks.analyze_frame_task
  celery-default-1  |   . ai_processing.tasks.analyze_logo_detection
  celery-default-1  |   . ai_processing.tasks.analyze_visual_properties
  celery-default-1  |   . ai_processing.tasks.process_video_segment
  celery-default-1  |   . ai_processing.tasks.reload_analysis_config
  celery-default-1  |   . media_analyzer.celery.debug_task
  celery-default-1  | 
  celery-logo-1     |  
  celery-logo-1     |  -------------- logo-worker@c9598009db83 v5.3.4 (emerald-rush)
  celery-logo-1     | --- ***** ----- 
  celery-logo-1     | -- ******* ---- Linux-6.12.38+deb13-amd64-x86_64-with-glibc2.41 2025-08-24 23:35:19
  celery-logo-1     | - *** --- * --- 
  celery-logo-1     | - ** ---------- [config]
  celery-logo-1     | - ** ---------- .> app:         media_analyzer:0x7f8998fa1990
  celery-logo-1     | - ** ---------- .> transport:   redis://redis:6379/0
  celery-logo-1     | - ** ---------- .> results:     redis://redis:6379/0
  celery-logo-1     | - *** --- * --- .> concurrency: 16 (prefork)
  celery-logo-1     | -- ******* ---- .> task events: OFF (enable -E to monitor tasks in this worker)
  celery-logo-1     | --- ***** ----- 
  celery-logo-1     |  -------------- [queues]
  celery-logo-1     |                 .> logo_detection   exchange=default(direct) key=logo_detection
  celery-logo-1     |                 
  celery-logo-1     | 
  celery-logo-1     | [tasks]
  celery-logo-1     |   . ai_processing.tasks.analyze_frame_task
  celery-logo-1     |   . ai_processing.tasks.analyze_logo_detection
  celery-logo-1     |   . ai_processing.tasks.analyze_visual_properties
  celery-logo-1     |   . ai_processing.tasks.process_video_segment
  celery-logo-1     |   . ai_processing.tasks.reload_analysis_config
  celery-logo-1     |   . media_analyzer.celery.debug_task
  celery-logo-1     | 
  backend-1         | /usr/local/lib/python3.11/site-packages/django/db/models/base.py:366: RuntimeWarning: Model 'ai_processing.brand' was already registered. Reloading models is not advised as it can lead
   to inconsistencies, most notably with related models.
  backend-1         |   new_class._meta.apps.register_model(new_class._meta.app_label, new_class)
  backend-1         | Installed 6 object(s) from 1 fixture(s)
  backend-1         | Starting Django web server with uvicorn...
  backend-1         | Development mode: enabling auto-reload
  backend-1         | INFO:     Will watch for changes in these directories: ['/app']
  backend-1         | INFO:     Uvicorn running on http://0.0.0.0:8000 (Press CTRL+C to quit)
  backend-1         | INFO:     Started reloader process [1] using WatchFiles
  celery-default-1  | [2025-08-24 23:35:20,733: WARNING/MainProcess] /usr/local/lib/python3.11/site-packages/celery/worker/consumer/consumer.py:507: CPendingDeprecationWarning: The broker_connection_retry 
  configuration setting will no longer determine
  celery-default-1  | whether broker connection retries are made during startup in Celery 6.0 and above.
  celery-default-1  | If you wish to retain the existing behavior for retrying connections on startup,
  celery-default-1  | you should set broker_connection_retry_on_startup to True.
  celery-default-1  |   warnings.warn(
  celery-default-1  | 
  celery-default-1  | [2025-08-24 23:35:20,741: INFO/MainProcess] Connected to redis://redis:6379/0
  celery-default-1  | [2025-08-24 23:35:20,741: WARNING/MainProcess] /usr/local/lib/python3.11/site-packages/celery/worker/consumer/consumer.py:507: CPendingDeprecationWarning: The broker_connection_retry 
  configuration setting will no longer determine
  celery-default-1  | whether broker connection retries are made during startup in Celery 6.0 and above.
  celery-default-1  | If you wish to retain the existing behavior for retrying connections on startup,
  celery-default-1  | you should set broker_connection_retry_on_startup to True.
  celery-default-1  |   warnings.warn(
  celery-default-1  | 
  celery-default-1  | [2025-08-24 23:35:20,743: INFO/MainProcess] mingle: searching for neighbors
  celery-logo-1     | [2025-08-24 23:35:20,825: WARNING/MainProcess] /usr/local/lib/python3.11/site-packages/celery/worker/consumer/consumer.py:507: CPendingDeprecationWarning: The broker_connection_retry 
  configuration setting will no longer determine
  celery-logo-1     | whether broker connection retries are made during startup in Celery 6.0 and above.
  celery-logo-1     | If you wish to retain the existing behavior for retrying connections on startup,
  celery-logo-1     | you should set broker_connection_retry_on_startup to True.
  celery-logo-1     |   warnings.warn(
  celery-logo-1     | 
  celery-logo-1     | [2025-08-24 23:35:20,832: INFO/MainProcess] Connected to redis://redis:6379/0
  celery-logo-1     | [2025-08-24 23:35:20,832: WARNING/MainProcess] /usr/local/lib/python3.11/site-packages/celery/worker/consumer/consumer.py:507: CPendingDeprecationWarning: The broker_connection_retry 
  configuration setting will no longer determine
  celery-logo-1     | whether broker connection retries are made during startup in Celery 6.0 and above.
  celery-logo-1     | If you wish to retain the existing behavior for retrying connections on startup,
  celery-logo-1     | you should set broker_connection_retry_on_startup to True.
  celery-logo-1     |   warnings.warn(
  celery-logo-1     | 
  celery-logo-1     | [2025-08-24 23:35:20,833: INFO/MainProcess] mingle: searching for neighbors
  backend-1         | /usr/local/lib/python3.11/site-packages/django/db/models/base.py:366: RuntimeWarning: Model 'ai_processing.brand' was already registered. Reloading models is not advised as it can lead
   to inconsistencies, most notably with related models.
  backend-1         |   new_class._meta.apps.register_model(new_class._meta.app_label, new_class)
  backend-1         | INFO:     Started server process [41]
  backend-1         | INFO:     Waiting for application startup.
  backend-1         | INFO:     ASGI 'lifespan' protocol appears unsupported.
  backend-1         | INFO:     Application startup complete.
  celery-default-1  | [2025-08-24 23:35:21,749: INFO/MainProcess] mingle: all alone
  celery-default-1  | [2025-08-24 23:35:21,766: INFO/MainProcess] Configuration reloaded: 1 active providers
  celery-default-1  | [2025-08-24 23:35:21,766: INFO/MainProcess] Worker ready - loaded capabilities: ['logo_detection', 'scene_analysis']
  celery-default-1  | [2025-08-24 23:35:21,766: INFO/MainProcess] default-worker@151e33158256 ready.
  celery-default-1  | [2025-08-24 23:35:21,768: INFO/MainProcess] Task ai_processing.tasks.process_video_segment[bf82e7cd-259b-4c1b-853f-8bdd1d2fc8ed] received
  celery-default-1  | [2025-08-24 23:35:21,777: INFO/ForkPoolWorker-16] Task ai_processing.tasks.process_video_segment[bf82e7cd-259b-4c1b-853f-8bdd1d2fc8ed] succeeded in 0.008116521988995373s: 
  {'dispatched': True, 'capabilities': ['logo_detection', 'scene_analysis']}
  celery-logo-1     | [2025-08-24 23:35:21,839: INFO/MainProcess] mingle: all alone
  celery-logo-1     | [2025-08-24 23:35:21,856: INFO/MainProcess] Configuration reloaded: 1 active providers
  celery-logo-1     | [2025-08-24 23:35:21,856: INFO/MainProcess] Worker ready - loaded capabilities: ['logo_detection', 'scene_analysis']
  celery-logo-1     | [2025-08-24 23:35:21,856: INFO/MainProcess] logo-worker@c9598009db83 ready.
  celery-logo-1     | [2025-08-24 23:35:21,858: INFO/MainProcess] Task ai_processing.tasks.analyze_logo_detection[b23aeaec-4baf-4caf-963e-5d9cd0225132] received
  celery-logo-1     | [2025-08-24 23:35:21,873: INFO/ForkPoolWorker-16] Configured execution strategy: local
  celery-logo-1     | [2025-08-24 23:35:23,070: WARNING/ForkPoolWorker-16] /usr/local/lib/python3.11/site-packages/transformers/utils/hub.py:123: FutureWarning: Using `TRANSFORMERS_CACHE` is deprecated and 
  will be removed in v5 of Transformers. Use `HF_HOME` instead.
  celery-logo-1     |   warnings.warn(
  celery-logo-1     | 
  celery-logo-1     | [2025-08-24 23:35:23,187: WARNING/ForkPoolWorker-16] /usr/local/lib/python3.11/site-packages/huggingface_hub/file_download.py:945: FutureWarning: `resume_download` is deprecated and 
  will be removed in version 1.0.0. Downloads always resume when possible. If you want to force a new download, use `force_download=True`.
  celery-logo-1     |   warnings.warn(
  celery-logo-1     | 
  frontend-1        | 172.18.0.1 - - [24/Aug/2025:23:35:28 +0000] "GET / HTTP/1.1" 200 591 "-" "Mozilla/5.0 (X11; Linux x86_64) AppleWebKit/537.36 (KHTML, like Gecko) Chrome/138.0.0.0 Safari/537.36" "-"
  frontend-1        | 172.18.0.1 - - [24/Aug/2025:23:35:28 +0000] "GET /.well-known/appspecific/com.chrome.devtools.json HTTP/1.1" 304 0 "-" "Mozilla/5.0 (X11; Linux x86_64) AppleWebKit/537.36 (KHTML, like 
  Gecko) Chrome/138.0.0.0 Safari/537.36" "-"
  nginx-rtmp-1      | 2025/08/24 23:35:28 [error] 7#7: *1 open() "/var/www/media/d339e035-e17b-4446-a217-4a1959f9c514.m3u8" failed (2: No such file or directory), client: 172.18.0.9, server: , request: "GET
   /d339e035-e17b-4446-a217-4a1959f9c514.m3u8 HTTP/1.1", host: "localhost", referrer: "http://localhost:4200/"
  nginx-rtmp-1      | 172.18.0.9 - - [24/Aug/2025:23:35:28 +0000] "GET /d339e035-e17b-4446-a217-4a1959f9c514.m3u8 HTTP/1.1" 404 555 "http://localhost:4200/" "Mozilla/5.0 (X11; Linux x86_64) 
  AppleWebKit/537.36 (KHTML, like Gecko) Chrome/138.0.0.0 Safari/537.36"
  frontend-1        | 172.18.0.1 - - [24/Aug/2025:23:35:28 +0000] "GET /streaming/d339e035-e17b-4446-a217-4a1959f9c514.m3u8 HTTP/1.1" 404 555 "http://localhost:4200/" "Mozilla/5.0 (X11; Linux x86_64) 
  AppleWebKit/537.36 (KHTML, like Gecko) Chrome/138.0.0.0 Safari/537.36" "-"
  nginx-rtmp-1      | 2025/08/24 23:35:28 [error] 7#7: *2 open() "/var/www/media/d339e035-e17b-4446-a217-4a1959f9c514.m3u8" failed (2: No such file or directory), client: 172.18.0.9, server: , request: "GET
   /d339e035-e17b-4446-a217-4a1959f9c514.m3u8 HTTP/1.1", host: "localhost", referrer: "http://localhost:4200/"
  nginx-rtmp-1      | 172.18.0.9 - - [24/Aug/2025:23:35:28 +0000] "GET /d339e035-e17b-4446-a217-4a1959f9c514.m3u8 HTTP/1.1" 404 555 "http://localhost:4200/" "Mozilla/5.0 (X11; Linux x86_64) 
  AppleWebKit/537.36 (KHTML, like Gecko) Chrome/138.0.0.0 Safari/537.36"
  frontend-1        | 172.18.0.1 - - [24/Aug/2025:23:35:28 +0000] "GET /streaming/d339e035-e17b-4446-a217-4a1959f9c514.m3u8 HTTP/1.1" 404 555 "http://localhost:4200/" "Mozilla/5.0 (X11; Linux x86_64) 
  AppleWebKit/537.36 (KHTML, like Gecko) Chrome/138.0.0.0 Safari/537.36" "-"
  backend-1         | INFO:     ('172.18.0.9', 42112) - "WebSocket /ws/stream/" [accepted]
  backend-1         | INFO:     connection open
  backend-1         | Failed to reload configuration: You cannot call this from an async context - use a thread or sync_to_async.
  frontend-1        | 172.18.0.1 - - [24/Aug/2025:23:35:28 +0000] "GET /api/streaming/streams/ HTTP/1.1" 200 362 "http://localhost:4200/" "Mozilla/5.0 (X11; Linux x86_64) AppleWebKit/537.36 (KHTML, like 
  Gecko) Chrome/138.0.0.0 Safari/537.36" "-"
  backend-1         | INFO:     172.18.0.9:42096 - "GET /api/streaming/streams/ HTTP/1.1" 200 OK
  frontend-1        | 172.18.0.1 - - [24/Aug/2025:23:35:28 +0000] "GET /favicon.ico HTTP/1.1" 200 15086 "http://localhost:4200/" "Mozilla/5.0 (X11; Linux x86_64) AppleWebKit/537.36 (KHTML, like Gecko) 
  Chrome/138.0.0.0 Safari/537.36" "-"
  celery-logo-1     | [2025-08-24 23:35:33,905: INFO/ForkPoolWorker-16] Sending websocket update to group: stream_d339e035-e17b-4446-a217-4a1959f9c514 - detections: 0
  celery-logo-1     | [2025-08-24 23:35:33,920: INFO/ForkPoolWorker-16] Task ai_processing.tasks.analyze_logo_detection[b23aeaec-4baf-4caf-963e-5d9cd0225132] succeeded in 12.061630409996724s: {'detections':
   0, 'analysis_id': 'b2b1320e-14bd-46de-9194-05c7331a6ce3', 'brands': []}
  backend-1         | WebcamSourceAdapter: Failed to kill PID 76: [Errno 3] No such process
  backend-1         | INFO:     172.18.0.9:38910 - "POST /api/streaming/streams/d339e035-e17b-4446-a217-4a1959f9c514/stop/ HTTP/1.1" 200 OK
  frontend-1        | 172.18.0.1 - - [24/Aug/2025:23:35:36 +0000] "POST /api/streaming/streams/d339e035-e17b-4446-a217-4a1959f9c514/stop/ HTTP/1.1" 200 42 "http://localhost:4200/" "Mozilla/5.0 (X11; Linux 
  x86_64) AppleWebKit/537.36 (KHTML, like Gecko) Chrome/138.0.0.0 Safari/537.36" "-"
  frontend-1        | 172.18.0.1 - - [24/Aug/2025:23:35:36 +0000] "GET /ws/stream/ HTTP/1.1" 101 238 "-" "Mozilla/5.0 (X11; Linux x86_64) AppleWebKit/537.36 (KHTML, like Gecko) Chrome/138.0.0.0 
  Safari/537.36" "-"
  backend-1         | INFO:     connection closed
  backend-1         | INFO:     172.18.0.9:38924 - "GET /api/streaming/streams/ HTTP/1.1" 200 OK
  frontend-1        | 172.18.0.1 - - [24/Aug/2025:23:35:36 +0000] "GET /api/streaming/streams/ HTTP/1.1" 200 302 "http://localhost:4200/" "Mozilla/5.0 (X11; Linux x86_64) AppleWebKit/537.36 (KHTML, like 
  Gecko) Chrome/138.0.0.0 Safari/537.36" "-"
  frontend-1        | 172.18.0.1 - - [24/Aug/2025:23:35:38 +0000] "GET / HTTP/1.1" 200 591 "-" "Mozilla/5.0 (X11; Linux x86_64) AppleWebKit/537.36 (KHTML, like Gecko) Chrome/138.0.0.0 Safari/537.36" "-"
  frontend-1        | 172.18.0.1 - - [24/Aug/2025:23:35:38 +0000] "GET /env-config.js HTTP/1.1" 200 397 "http://localhost:4200/" "Mozilla/5.0 (X11; Linux x86_64) AppleWebKit/537.36 (KHTML, like Gecko) 
  Chrome/138.0.0.0 Safari/537.36" "-"
  frontend-1        | 172.18.0.1 - - [24/Aug/2025:23:35:38 +0000] "GET /styles-5INURTSO.css HTTP/1.1" 200 0 "http://localhost:4200/" "Mozilla/5.0 (X11; Linux x86_64) AppleWebKit/537.36 (KHTML, like Gecko) 
  Chrome/138.0.0.0 Safari/537.36" "-"
  frontend-1        | 172.18.0.1 - - [24/Aug/2025:23:35:38 +0000] "GET /polyfills-FFHMD2TL.js HTTP/1.1" 200 13815 "http://localhost:4200/" "Mozilla/5.0 (X11; Linux x86_64) AppleWebKit/537.36 (KHTML, like 
  Gecko) Chrome/138.0.0.0 Safari/537.36" "-"
  frontend-1        | 172.18.0.1 - - [24/Aug/2025:23:35:38 +0000] "GET /main-HPXA7UM3.js HTTP/1.1" 200 293160 "http://localhost:4200/" "Mozilla/5.0 (X11; Linux x86_64) AppleWebKit/537.36 (KHTML, like Gecko)
   Chrome/138.0.0.0 Safari/537.36" "-"
  backend-1         | INFO:     172.18.0.9:38936 - "GET /api/streaming/streams/ HTTP/1.1" 200 OK
  frontend-1        | 172.18.0.1 - - [24/Aug/2025:23:35:38 +0000] "GET /api/streaming/streams/ HTTP/1.1" 200 302 "http://localhost:4200/" "Mozilla/5.0 (X11; Linux x86_64) AppleWebKit/537.36 (KHTML, like 
  Gecko) Chrome/138.0.0.0 Safari/537.36" "-"
  frontend-1        | 172.18.0.1 - - [24/Aug/2025:23:35:38 +0000] "GET /favicon.ico HTTP/1.1" 200 15086 "http://localhost:4200/" "Mozilla/5.0 (X11; Linux x86_64) AppleWebKit/537.36 (KHTML, like Gecko) 
  Chrome/138.0.0.0 Safari/537.36" "-"
  backend-1         | INFO:     172.18.0.9:38942 - "POST /api/streaming/streams/webcam/start/ HTTP/1.1" 200 OK
  frontend-1        | 172.18.0.1 - - [24/Aug/2025:23:35:50 +0000] "POST /api/streaming/streams/webcam/start/ HTTP/1.1" 200 298 "http://localhost:4200/" "Mozilla/5.0 (X11; Linux x86_64) AppleWebKit/537.36 
  (KHTML, like Gecko) Chrome/138.0.0.0 Safari/537.36" "-"
  backend-1         | INFO:     ('172.18.0.9', 44104) - "WebSocket /ws/stream/" [accepted]
  backend-1         | INFO:     connection open


  frontend-1        | 2025/08/24 23:35:50 [warn] 32#32: *13 upstream sent duplicate header line: "Content-Type: application/vnd.apple.mpegurl", previous value: "Content-Type: application/octet-stream", 
  ignored while reading response header from upstream, client: 172.18.0.1, server: localhost, request: "GET /streaming/d339e035-e17b-4446-a217-4a1959f9c514.m3u8 HTTP/1.1", upstream: 
  "http://172.18.0.4:80/d339e035-e17b-4446-a217-4a1959f9c514.m3u8", host: "localhost:4200", referrer: "http://localhost:4200/"


  nginx-rtmp-1      | 172.18.0.9 - - [24/Aug/2025:23:35:50 +0000] "GET /d339e035-e17b-4446-a217-4a1959f9c514.m3u8 HTTP/1.1" 200 132 "http://localhost:4200/" "Mozilla/5.0 (X11; Linux x86_64) 
  AppleWebKit/537.36 (KHTML, like Gecko) Chrome/138.0.0.0 Safari/537.36"
  frontend-1        | 172.18.0.1 - - [24/Aug/2025:23:35:50 +0000] "GET /streaming/d339e035-e17b-4446-a217-4a1959f9c514.m3u8 HTTP/1.1" 200 132 "http://localhost:4200/" "Mozilla/5.0 (X11; Linux x86_64) 
  AppleWebKit/537.36 (KHTML, like Gecko) Chrome/138.0.0.0 Safari/537.36" "-"
  frontend-1        | 2025/08/24 23:35:50 [warn] 32#32: *13 upstream sent duplicate header line: "Content-Type: video/mp2t", previous value: "Content-Type: application/octet-stream", ignored while reading 
  response header from upstream, client: 172.18.0.1, server: localhost, request: "GET /streaming/d339e035-e17b-4446-a217-4a1959f9c5140.ts HTTP/1.1", upstream: 
  "http://172.18.0.4:80/d339e035-e17b-4446-a217-4a1959f9c5140.ts", host: "localhost:4200", referrer: "http://localhost:4200/"
  nginx-rtmp-1      | 172.18.0.9 - - [24/Aug/2025:23:35:50 +0000] "GET /d339e035-e17b-4446-a217-4a1959f9c5140.ts HTTP/1.1" 200 2260888 "http://localhost:4200/" "Mozilla/5.0 (X11; Linux x86_64) 
  AppleWebKit/537.36 (KHTML, like Gecko) Chrome/138.0.0.0 Safari/537.36"
  frontend-1        | 172.18.0.1 - - [24/Aug/2025:23:35:50 +0000] "GET /streaming/d339e035-e17b-4446-a217-4a1959f9c5140.ts HTTP/1.1" 200 2260888 "http://localhost:4200/" "Mozilla/5.0 (X11; Linux x86_64) 
  AppleWebKit/537.36 (KHTML, like Gecko) Chrome/138.0.0.0 Safari/537.36" "-"
  backend-1         | INFO:     172.18.0.9:44120 - "GET /api/streaming/streams/ HTTP/1.1" 200 OK
  frontend-1        | 172.18.0.1 - - [24/Aug/2025:23:35:51 +0000] "GET /api/streaming/streams/ HTTP/1.1" 200 362 "http://localhost:4200/" "Mozilla/5.0 (X11; Linux x86_64) AppleWebKit/537.36 (KHTML, like 
  Gecko) Chrome/138.0.0.0 Safari/537.36" "-"
  nginx-rtmp-1      | 172.18.0.9 - - [24/Aug/2025:23:36:06 +0000] "GET /d339e035-e17b-4446-a217-4a1959f9c514.m3u8 HTTP/1.1" 200 191 "http://localhost:4200/" "Mozilla/5.0 (X11; Linux x86_64) 
  AppleWebKit/537.36 (KHTML, like Gecko) Chrome/138.0.0.0 Safari/537.36"
  frontend-1        | 2025/08/24 23:36:06 [warn] 32#32: *13 upstream sent duplicate header line: "Content-Type: application/vnd.apple.mpegurl", previous value: "Content-Type: application/octet-stream", 
  ignored while reading response header from upstream, client: 172.18.0.1, server: localhost, request: "GET /streaming/d339e035-e17b-4446-a217-4a1959f9c514.m3u8 HTTP/1.1", upstream: 
  "http://172.18.0.4:80/d339e035-e17b-4446-a217-4a1959f9c514.m3u8", host: "localhost:4200", referrer: "http://localhost:4200/"
  frontend-1        | 172.18.0.1 - - [24/Aug/2025:23:36:06 +0000] "GET /streaming/d339e035-e17b-4446-a217-4a1959f9c514.m3u8 HTTP/1.1" 200 191 "http://localhost:4200/" "Mozilla/5.0 (X11; Linux x86_64) 
  AppleWebKit/537.36 (KHTML, like Gecko) Chrome/138.0.0.0 Safari/537.36" "-"
  frontend-1        | 2025/08/24 23:36:06 [warn] 32#32: *13 upstream sent duplicate header line: "Content-Type: video/mp2t", previous value: "Content-Type: application/octet-stream", ignored while reading 
  response header from upstream, client: 172.18.0.1, server: localhost, request: "GET /streaming/d339e035-e17b-4446-a217-4a1959f9c5141.ts HTTP/1.1", upstream: 
  "http://172.18.0.4:80/d339e035-e17b-4446-a217-4a1959f9c5141.ts", host: "localhost:4200", referrer: "http://localhost:4200/"
  nginx-rtmp-1      | 172.18.0.9 - - [24/Aug/2025:23:36:06 +0000] "GET /d339e035-e17b-4446-a217-4a1959f9c5141.ts HTTP/1.1" 200 2293788 "http://localhost:4200/" "Mozilla/5.0 (X11; Linux x86_64) 
  AppleWebKit/537.36 (KHTML, like Gecko) Chrome/138.0.0.0 Safari/537.36"
  frontend-1        | 172.18.0.1 - - [24/Aug/2025:23:36:06 +0000] "GET /streaming/d339e035-e17b-4446-a217-4a1959f9c5141.ts HTTP/1.1" 200 2293788 "http://localhost:4200/" "Mozilla/5.0 (X11; Linux x86_64) 
  AppleWebKit/537.36 (KHTML, like Gecko) Chrome/138.0.0.0 Safari/537.36" "-"
  frontend-1        | 2025/08/24 23:36:14 [warn] 32#32: *13 upstream sent duplicate header line: "Content-Type: application/vnd.apple.mpegurl", previous value: "Content-Type: application/octet-stream", 
  ignored while reading response header from upstream, client: 172.18.0.1, server: localhost, request: "GET /streaming/d339e035-e17b-4446-a217-4a1959f9c514.m3u8 HTTP/1.1", upstream: 
  "http://172.18.0.4:80/d339e035-e17b-4446-a217-4a1959f9c514.m3u8", host: "localhost:4200", referrer: "http://localhost:4200/"
  nginx-rtmp-1      | 172.18.0.9 - - [24/Aug/2025:23:36:14 +0000] "GET /d339e035-e17b-4446-a217-4a1959f9c514.m3u8 HTTP/1.1" 200 250 "http://localhost:4200/" "Mozilla/5.0 (X11; Linux x86_64) 
  AppleWebKit/537.36 (KHTML, like Gecko) Chrome/138.0.0.0 Safari/537.36"




  frontend-1        | 172.18.0.1 - - [24/Aug/2025:23:36:14 +0000] "GET /streaming/d339e035-e17b-4446-a217-4a1959f9c514.m3u8 HTTP/1.1" 200 250 "http://localhost:4200/" "Mozilla/5.0 (X11; Linux x86_64) 
  AppleWebKit/537.36 (KHTML, like Gecko) Chrome/138.0.0.0 Safari/537.36" "-"
  frontend-1        | 2025/08/24 23:36:14 [warn] 32#32: *13 upstream sent duplicate header line: "Content-Type: video/mp2t", previous value: "Content-Type: application/octet-stream", ignored while reading 
  response header from upstream, client: 172.18.0.1, server: localhost, request: "GET /streaming/d339e035-e17b-4446-a217-4a1959f9c5142.ts HTTP/1.1", upstream: 
  "http://172.18.0.4:80/d339e035-e17b-4446-a217-4a1959f9c5142.ts", host: "localhost:4200", referrer: "http://localhost:4200/"
  nginx-rtmp-1      | 172.18.0.9 - - [24/Aug/2025:23:36:14 +0000] "GET /d339e035-e17b-4446-a217-4a1959f9c5142.ts HTTP/1.1" 200 2007088 "http://localhost:4200/" "Mozilla/5.0 (X11; Linux x86_64) 
  AppleWebKit/537.36 (KHTML, like Gecko) Chrome/138.0.0.0 Safari/537.36"
  frontend-1        | 172.18.0.1 - - [24/Aug/2025:23:36:14 +0000] "GET /streaming/d339e035-e17b-4446-a217-4a1959f9c5142.ts HTTP/1.1" 200 2007088 "http://localhost:4200/" "Mozilla/5.0 (X11; Linux x86_64) 
  AppleWebKit/537.36 (KHTML, like Gecko) Chrome/138.0.0.0 Safari/537.36" "-"
  nginx-rtmp-1      | 172.18.0.9 - - [24/Aug/2025:23:36:22 +0000] "GET /d339e035-e17b-4446-a217-4a1959f9c514.m3u8 HTTP/1.1" 200 309 "http://localhost:4200/" "Mozilla/5.0 (X11; Linux x86_64) 
  AppleWebKit/537.36 (KHTML, like Gecko) Chrome/138.0.0.0 Safari/537.36"
  frontend-1        | 2025/08/24 23:36:22 [warn] 32#32: *13 upstream sent duplicate header line: "Content-Type: application/vnd.apple.mpegurl", previous value: "Content-Type: application/octet-stream", 
  ignored while reading response header from upstream, client: 172.18.0.1, server: localhost, request: "GET /streaming/d339e035-e17b-4446-a217-4a1959f9c514.m3u8 HTTP/1.1", upstream: 
  "http://172.18.0.4:80/d339e035-e17b-4446-a217-4a1959f9c514.m3u8", host: "localhost:4200", referrer: "http://localhost:4200/"
  frontend-1        | 172.18.0.1 - - [24/Aug/2025:23:36:22 +0000] "GET /streaming/d339e035-e17b-4446-a217-4a1959f9c514.m3u8 HTTP/1.1" 200 309 "http://localhost:4200/" "Mozilla/5.0 (X11; Linux x86_64) 
  AppleWebKit/537.36 (KHTML, like Gecko) Chrome/138.0.0.0 Safari/537.36" "-"
  frontend-1        | 2025/08/24 23:36:22 [warn] 32#32: *13 upstream sent duplicate header line: "Content-Type: video/mp2t", previous value: "Content-Type: application/octet-stream", ignored while reading 
  response header from upstream, client: 172.18.0.1, server: localhost, request: "GET /streaming/d339e035-e17b-4446-a217-4a1959f9c5143.ts HTTP/1.1", upstream: 
  "http://172.18.0.4:80/d339e035-e17b-4446-a217-4a1959f9c5143.ts", host: "localhost:4200", referrer: "http://localhost:4200/"
  nginx-rtmp-1      | 172.18.0.9 - - [24/Aug/2025:23:36:22 +0000] "GET /d339e035-e17b-4446-a217-4a1959f9c5143.ts HTTP/1.1" 200 2225920 "http://localhost:4200/" "Mozilla/5.0 (X11; Linux x86_64) 
  AppleWebKit/537.36 (KHTML, like Gecko) Chrome/138.0.0.0 Safari/537.36"
  frontend-1        | 172.18.0.1 - - [24/Aug/2025:23:36:22 +0000] "GET /streaming/d339e035-e17b-4446-a217-4a1959f9c5143.ts HTTP/1.1" 200 2225920 "http://localhost:4200/" "Mozilla/5.0 (X11; Linux x86_64) 
  AppleWebKit/537.36 (KHTML, like Gecko) Chrome/138.0.0.0 Safari/537.36" "-"


  nginx-rtmp-1      | 172.18.0.9 - - [24/Aug/2025:23:36:30 +0000] "GET /d339e035-e17b-4446-a217-4a1959f9c514.m3u8 HTTP/1.1" 200 368 "http://localhost:4200/" "Mozilla/5.0 (X11; Linux x86_64) 
  AppleWebKit/537.36 (KHTML, like Gecko) Chrome/138.0.0.0 Safari/537.36"
  frontend-1        | 2025/08/24 23:36:30 [warn] 32#32: *13 upstream sent duplicate header line: "Content-Type: application/vnd.apple.mpegurl", previous value: "Content-Type: application/octet-stream", 
  ignored while reading response header from upstream, client: 172.18.0.1, server: localhost, request: "GET /streaming/d339e035-e17b-4446-a217-4a1959f9c514.m3u8 HTTP/1.1", upstream: 
  "http://172.18.0.4:80/d339e035-e17b-4446-a217-4a1959f9c514.m3u8", host: "localhost:4200", referrer: "http://localhost:4200/"
  frontend-1        | 172.18.0.1 - - [24/Aug/2025:23:36:30 +0000] "GET /streaming/d339e035-e17b-4446-a217-4a1959f9c514.m3u8 HTTP/1.1" 200 368 "http://localhost:4200/" "Mozilla/5.0 (X11; Linux x86_64) 
  AppleWebKit/537.36 (KHTML, like Gecko) Chrome/138.0.0.0 Safari/537.36" "-"
  frontend-1        | 2025/08/24 23:36:30 [warn] 32#32: *13 upstream sent duplicate header line: "Content-Type: video/mp2t", previous value: "Content-Type: application/octet-stream", ignored while reading 
  response header from upstream, client: 172.18.0.1, server: localhost, request: "GET /streaming/d339e035-e17b-4446-a217-4a1959f9c5144.ts HTTP/1.1", upstream: 
  "http://172.18.0.4:80/d339e035-e17b-4446-a217-4a1959f9c5144.ts", host: "localhost:4200", referrer: "http://localhost:4200/"
  nginx-rtmp-1      | 172.18.0.9 - - [24/Aug/2025:23:36:30 +0000] "GET /d339e035-e17b-4446-a217-4a1959f9c5144.ts HTTP/1.1" 200 1385560 "http://localhost:4200/" "Mozilla/5.0 (X11; Linux x86_64) 
  AppleWebKit/537.36 (KHTML, like Gecko) Chrome/138.0.0.0 Safari/537.36"
  frontend-1        | 172.18.0.1 - - [24/Aug/2025:23:36:30 +0000] "GET /streaming/d339e035-e17b-4446-a217-4a1959f9c5144.ts HTTP/1.1" 200 1385560 "http://localhost:4200/" "Mozilla/5.0 (X11; Linux x86_64) 
  AppleWebKit/537.36 (KHTML, like Gecko) Chrome/138.0.0.0 Safari/537.36" "-"


  nginx-rtmp-1      | 172.18.0.9 - - [24/Aug/2025:23:36:38 +0000] "GET /d339e035-e17b-4446-a217-4a1959f9c514.m3u8 HTTP/1.1" 200 427 "http://localhost:4200/" "Mozilla/5.0 (X11; Linux x86_64) 
  AppleWebKit/537.36 (KHTML, like Gecko) Chrome/138.0.0.0 Safari/537.36"
  frontend-1        | 2025/08/24 23:36:38 [warn] 32#32: *13 upstream sent duplicate header line: "Content-Type: application/vnd.apple.mpegurl", previous value: "Content-Type: application/octet-stream", 
  ignored while reading response header from upstream, client: 172.18.0.1, server: localhost, request: "GET /streaming/d339e035-e17b-4446-a217-4a1959f9c514.m3u8 HTTP/1.1", upstream: 
  "http://172.18.0.4:80/d339e035-e17b-4446-a217-4a1959f9c514.m3u8", host: "localhost:4200", referrer: "http://localhost:4200/"
  frontend-1        | 172.18.0.1 - - [24/Aug/2025:23:36:38 +0000] "GET /streaming/d339e035-e17b-4446-a217-4a1959f9c514.m3u8 HTTP/1.1" 200 427 "http://localhost:4200/" "Mozilla/5.0 (X11; Linux x86_64) 
  AppleWebKit/537.36 (KHTML, like Gecko) Chrome/138.0.0.0 Safari/537.36" "-"
  frontend-1        | 2025/08/24 23:36:38 [warn] 32#32: *13 upstream sent duplicate header line: "Content-Type: video/mp2t", previous value: "Content-Type: application/octet-stream", ignored while reading 
  response header from upstream, client: 172.18.0.1, server: localhost, request: "GET /streaming/d339e035-e17b-4446-a217-4a1959f9c5145.ts HTTP/1.1", upstream: 
  "http://172.18.0.4:80/d339e035-e17b-4446-a217-4a1959f9c5145.ts", host: "localhost:4200", referrer: "http://localhost:4200/"
  nginx-rtmp-1      | 172.18.0.9 - - [24/Aug/2025:23:36:38 +0000] "GET /d339e035-e17b-4446-a217-4a1959f9c5145.ts HTTP/1.1" 200 1286296 "http://localhost:4200/" "Mozilla/5.0 (X11; Linux x86_64) 
  AppleWebKit/537.36 (KHTML, like Gecko) Chrome/138.0.0.0 Safari/537.36"
  frontend-1        | 172.18.0.1 - - [24/Aug/2025:23:36:38 +0000] "GET /streaming/d339e035-e17b-4446-a217-4a1959f9c5145.ts HTTP/1.1" 200 1286296 "http://localhost:4200/" "Mozilla/5.0 (X11; Linux x86_64) 
  AppleWebKit/537.36 (KHTML, like Gecko) Chrome/138.0.0.0 Safari/537.36" "-"


  nginx-rtmp-1      | 172.18.0.9 - - [24/Aug/2025:23:36:46 +0000] "GET /d339e035-e17b-4446-a217-4a1959f9c514.m3u8 HTTP/1.1" 200 486 "http://localhost:4200/" "Mozilla/5.0 (X11; Linux x86_64) 
  AppleWebKit/537.36 (KHTML, like Gecko) Chrome/138.0.0.0 Safari/537.36"
  frontend-1        | 2025/08/24 23:36:46 [warn] 32#32: *13 upstream sent duplicate header line: "Content-Type: application/vnd.apple.mpegurl", previous value: "Content-Type: application/octet-stream", 
  ignored while reading response header from upstream, client: 172.18.0.1, server: localhost, request: "GET /streaming/d339e035-e17b-4446-a217-4a1959f9c514.m3u8 HTTP/1.1", upstream: 
  "http://172.18.0.4:80/d339e035-e17b-4446-a217-4a1959f9c514.m3u8", host: "localhost:4200", referrer: "http://localhost:4200/"
  frontend-1        | 172.18.0.1 - - [24/Aug/2025:23:36:46 +0000] "GET /streaming/d339e035-e17b-4446-a217-4a1959f9c514.m3u8 HTTP/1.1" 200 486 "http://localhost:4200/" "Mozilla/5.0 (X11; Linux x86_64) 
  AppleWebKit/537.36 (KHTML, like Gecko) Chrome/138.0.0.0 Safari/537.36" "-"
  frontend-1        | 2025/08/24 23:36:46 [warn] 32#32: *13 upstream sent duplicate header line: "Content-Type: video/mp2t", previous value: "Content-Type: application/octet-stream", ignored while reading 
  response header from upstream, client: 172.18.0.1, server: localhost, request: "GET /streaming/d339e035-e17b-4446-a217-4a1959f9c5146.ts HTTP/1.1", upstream: 
  "http://172.18.0.4:80/d339e035-e17b-4446-a217-4a1959f9c5146.ts", host: "localhost:4200", referrer: "http://localhost:4200/"
  nginx-rtmp-1      | 172.18.0.9 - - [24/Aug/2025:23:36:46 +0000] "GET /d339e035-e17b-4446-a217-4a1959f9c5146.ts HTTP/1.1" 200 990196 "http://localhost:4200/" "Mozilla/5.0 (X11; Linux x86_64) 
  AppleWebKit/537.36 (KHTML, like Gecko) Chrome/138.0.0.0 Safari/537.36"
  frontend-1        | 172.18.0.1 - - [24/Aug/2025:23:36:46 +0000] "GET /streaming/d339e035-e17b-4446-a217-4a1959f9c5146.ts HTTP/1.1" 200 990196 "http://localhost:4200/" "Mozilla/5.0 (X11; Linux x86_64) 
