  frontend-1        | 2025/08/25 01:58:05 [notice] 1#1: start worker process 39
  frontend-1        | 2025/08/25 01:58:05 [notice] 1#1: start worker process 40
  frontend-1        | 2025/08/25 01:58:05 [notice] 1#1: start worker process 41
  frontend-1        | 2025/08/25 01:58:05 [notice] 1#1: start worker process 42
  frontend-1        | 2025/08/25 01:58:05 [notice] 1#1: start worker process 43
  frontend-1        | 2025/08/25 01:58:05 [notice] 1#1: start worker process 44
  frontend-1        | 2025/08/25 01:58:05 [notice] 1#1: using the "epoll" event method
  frontend-1        | 2025/08/25 01:58:05 [notice] 1#1: nginx/1.29.1
  frontend-1        | 2025/08/25 01:58:05 [notice] 1#1: built by gcc 14.2.0 (Alpine 14.2.0) 
  frontend-1        | 2025/08/25 01:58:05 [notice] 1#1: OS: Linux 6.12.38+deb13-amd64
  frontend-1        | 2025/08/25 01:58:05 [notice] 1#1: getrlimit(RLIMIT_NOFILE): 1073741816:1073741816
  frontend-1        | 2025/08/25 01:58:05 [notice] 1#1: start worker processes
  frontend-1        | 2025/08/25 01:58:05 [notice] 1#1: start worker process 29
  frontend-1        | 2025/08/25 01:58:05 [notice] 1#1: start worker process 30
  frontend-1        | 2025/08/25 01:58:05 [notice] 1#1: start worker process 31
  frontend-1        | 2025/08/25 01:58:05 [notice] 1#1: start worker process 32
  frontend-1        | 2025/08/25 01:58:05 [notice] 1#1: start worker process 33
  frontend-1        | 2025/08/25 01:58:05 [notice] 1#1: start worker process 34
  frontend-1        | 2025/08/25 01:58:05 [notice] 1#1: start worker process 35
  frontend-1        | 2025/08/25 01:58:05 [notice] 1#1: start worker process 36
  frontend-1        | 2025/08/25 01:58:05 [notice] 1#1: start worker process 37
  frontend-1        | 2025/08/25 01:58:05 [notice] 1#1: start worker process 38
  frontend-1        | 2025/08/25 01:58:05 [notice] 1#1: start worker process 39
  frontend-1        | 2025/08/25 01:58:05 [notice] 1#1: start worker process 40
  frontend-1        | 2025/08/25 01:58:05 [notice] 1#1: start worker process 41
  frontend-1        | 2025/08/25 01:58:05 [notice] 1#1: start worker process 42
  frontend-1        | 2025/08/25 01:58:05 [notice] 1#1: start worker process 43
  frontend-1        | 2025/08/25 01:58:05 [notice] 1#1: start worker process 44
  backend-1         | /usr/local/lib/python3.11/site-packages/django/db/models/base.py:366: RuntimeWarning: Model 'ai_processing.brand' was already registered. Reloading models is not advised as it can lead
   to inconsistencies, most notably with related models.


  w Enable Watchfile-watcher-1    | /usr/local/lib/python3.11/site-packages/django/db/models/base.py:366: RuntimeWarning: Model 'ai_processing.brand' was already registered. Reloading models is not advised 
  as i


  backend-1         |   new_class._meta.apps.register_model(new_class._meta.app_label, new_class)


  file-watcher-1    |   new_class._meta.apps.register_model(new_class._meta.app_label, new_class)
  celery-default-1  | /usr/local/lib/python3.11/site-packages/django/db/models/base.py:366: RuntimeWarning: Model 'ai_processing.brand' was already registered. Reloading models is not advised as it can lead
   to inconsistencies, most notably with related models.
  celery-default-1  |   new_class._meta.apps.register_model(new_class._meta.app_label, new_class)
  celery-logo-1     | /usr/local/lib/python3.11/site-packages/django/db/models/base.py:366: RuntimeWarning: Model 'ai_processing.brand' was already registered. Reloading models is not advised as it can lead
   to inconsistencies, most notably with related models.
  celery-logo-1     |   new_class._meta.apps.register_model(new_class._meta.app_label, new_class)
  event-processor-1  | /usr/local/lib/python3.11/site-packages/django/db/models/base.py:366: RuntimeWarning: Model 'ai_processing.brand' was already registered. Reloading models is not advised as it can 
  lead to inconsistencies, most notably with related models.
  event-processor-1  |   new_class._meta.apps.register_model(new_class._meta.app_label, new_class)


  file-watcher-1     | INFO 2025-08-25 01:58:05,824 config_manager 1 140138755009408 Configuration reloaded: 1 active providers
  backend-1          | INFO 2025-08-25 01:58:05,824 config_manager 8 139675207101312 Configuration reloaded: 1 active providers
  event-processor-1  | INFO 2025-08-25 01:58:05,825 config_manager 1 140221514414976 Configuration reloaded: 1 active providers
  celery-logo-1      | INFO 2025-08-25 01:58:05,825 config_manager 1 139672437128064 Configuration reloaded: 1 active providers









  event-processor-1  | INFO 2025-08-25 01:58:05,825 config_manager 1 140221514414976 Configuration reloaded: 1 active providers
  backend-1          | INFO 2025-08-25 01:58:05,824 config_manager 8 139675207101312 Configuration reloaded: 1 active providers
  celery-logo-1      | INFO 2025-08-25 01:58:05,825 config_manager 1 139672437128064 Configuration reloaded: 1 active providers


  file-watcher-1     | INFO 2025-08-25 01:58:05,824 config_manager 1 140138755009408 Configuration reloaded: 1 active providers
  celery-default-1   | INFO 2025-08-25 01:58:05,825 config_manager 1 139875333725056 Configuration reloaded: 1 active providers


  file-watcher-1     | DEBUG 2025-08-25 01:58:05,839 file_watcher 1 140138755009408 File watcher: Starting to watch /app/media
  file-watcher-1     | DEBUG 2025-08-25 01:58:05,839 file_watcher 1 140138755009408 File watcher: Starting to watch /app/media
  file-watcher-1     | DEBUG 2025-08-25 01:58:05,839 file_watcher 1 140138755009408 File watcher: Directory exists: True
  file-watcher-1     | DEBUG 2025-08-25 01:58:05,839 file_watcher 1 140138755009408 File watcher: Directory exists: True
  file-watcher-1     | DEBUG 2025-08-25 01:58:05,839 file_watcher 1 140138755009408 File watcher: Found 0 existing .ts files
  file-watcher-1     | DEBUG 2025-08-25 01:58:05,839 file_watcher 1 140138755009408 File watcher: Found 0 existing .ts files
  file-watcher-1     | INFO 2025-08-25 01:58:05,839 file_watcher 1 140138755009408 File watcher: Starting to watch /app/media
  file-watcher-1     | INFO 2025-08-25 01:58:05,839 file_watcher 1 140138755009408 File watcher: Starting to watch /app/media
  file-watcher-1     | DEBUG 2025-08-25 01:58:05,839 file_watcher 1 140138755009408 File watcher: Found 0 total .ts files, 0 already processed
  file-watcher-1     | DEBUG 2025-08-25 01:58:05,839 file_watcher 1 140138755009408 File watcher: Found 0 total .ts files, 0 already processed
  file-watcher-1     | DEBUG 2025-08-25 01:58:05,839 file_watcher 1 140138755009408 File watcher: Found 0 total .ts files, 0 already processed
  file-watcher-1     | DEBUG 2025-08-25 01:58:05,839 file_watcher 1 140138755009408 File watcher: Found 0 total .ts files, 0 already processed


  celery-logo-1      |  
  event-processor-1  |  
  celery-default-1   |  






  celery-default-1   |  -------------- default-worker@8d16ae198e53 v5.3.4 (emerald-rush)
  event-processor-1  |  -------------- event-processor@4d368d47e428 v5.3.4 (emerald-rush)
  celery-logo-1      |  -------------- logo-worker@fb464a917aa7 v5.3.4 (emerald-rush)


  celery-default-1   | --- ***** ----- 
  event-processor-1  | --- ***** ----- 


  celery-default-1   | -- ******* ---- Linux-6.12.38+deb13-amd64-x86_64-with-glibc2.41 2025-08-25 01:58:05
  event-processor-1  | -- ******* ---- Linux-6.12.38+deb13-amd64-x86_64-with-glibc2.41 2025-08-25 01:58:05


  w Enable Watch

  event-processor-1  | - *** --- * --- 
  celery-default-1   | - *** --- * --- 
  celery-logo-1      | -- ******* ---- Linux-6.12.38+deb13-amd64-x86_64-with-glibc2.41 2025-08-25 01:58:05


  celery-logo-1      | - *** --- * --- 

  celery-logo-1      | - ** ---------- [config]
  celery-default-1   | - ** ---------- [config]
  event-processor-1  | - ** ---------- [config]


  event-processor-1  | - ** ---------- .> app:         media_analyzer:0x7f87dbac5f90

  celery-logo-1      | - ** ---------- .> app:         media_analyzer:0x7f08041de2d0




  event-processor-1  | - ** ---------- .> transport:   redis://redis:6379/0
  celery-logo-1      | - ** ---------- .> transport:   redis://redis:6379/0
  celery-default-1   | - ** ---------- .> app:         media_analyzer:0x7f3741aea610
  event-processor-1  | - ** ---------- .> results:     redis://redis:6379/0

  celery-default-1   | - ** ---------- .> transport:   redis://redis:6379/0


  celery-logo-1      | - ** ---------- .> results:     redis://redis:6379/0
  event-processor-1  | - *** --- * --- .> concurrency: 2 (prefork)




  celery-logo-1      | - *** --- * --- .> concurrency: 16 (prefork)
  celery-default-1   | - ** ---------- .> results:     redis://redis:6379/0
  event-processor-1  | -- ******* ---- .> task events: OFF (enable -E to monitor tasks in this worker)




  event-processor-1  | --- ***** ----- 
  celery-logo-1      | -- ******* ---- .> task events: OFF (enable -E to monitor tasks in this worker)
  celery-default-1   | - *** --- * --- .> concurrency: 16 (prefork)




  event-processor-1  |  -------------- [queues]
  celery-logo-1      | --- ***** ----- 
  celery-default-1   | -- ******* ---- .> task events: OFF (enable -E to monitor tasks in this worker)


  celery-logo-1      |  -------------- [queues]

  celery-default-1   | --- ***** ----- 
  event-processor-1  |                 .> default          exchange=default(direct) key=default

  event-processor-1  |                 
  celery-default-1   |  -------------- [queues]
  celery-logo-1      |                 .> logo_detection   exchange=default(direct) key=logo_detection
  event-processor-1  | 




  event-processor-1  | [tasks]
  celery-logo-1      |                 
  celery-default-1   |                 .> config_management exchange=default(direct) key=config_management


  event-processor-1  |   . ai_processing.tasks.analyze_frame_task
  celery-logo-1      | 

  celery-default-1   |                 .> default          exchange=default(direct) key=default
  event-processor-1  |   . ai_processing.tasks.analyze_logo_detection


  celery-default-1   | 
  event-processor-1  |   . ai_processing.tasks.analyze_visual_properties
  celery-logo-1      | [tasks]
  celery-default-1   | [tasks]


  celery-logo-1      |   . ai_processing.tasks.analyze_frame_task
  event-processor-1  |   . ai_processing.tasks.process_video_segment


  celery-logo-1      |   . ai_processing.tasks.analyze_logo_detection
  celery-default-1   |   . ai_processing.tasks.analyze_frame_task
  event-processor-1  |   . ai_processing.tasks.reload_analysis_config


  celery-logo-1      |   . ai_processing.tasks.analyze_visual_properties
  event-processor-1  |   . media_analyzer.celery.debug_task



  celery-logo-1      |   . ai_processing.tasks.process_video_segment
  event-processor-1  | 
  celery-default-1   |   . ai_processing.tasks.analyze_logo_detection




  celery-logo-1      |   . ai_processing.tasks.reload_analysis_config

  celery-logo-1      |   . media_analyzer.celery.debug_task
  celery-default-1   |   . ai_processing.tasks.process_video_segment




  celery-default-1   |   . ai_processing.tasks.reload_analysis_config
  celery-logo-1      | 
  celery-default-1   |   . media_analyzer.celery.debug_task
  celery-default-1   | 
  event-processor-1  | [2025-08-25 01:58:06,008: WARNING/MainProcess] /usr/local/lib/python3.11/site-packages/celery/worker/consumer/consumer.py:507: CPendingDeprecationWarning: The broker_connection_retry 
  configuration setting will no longer determine
  event-processor-1  | whether broker connection retries are made during startup in Celery 6.0 and above.
  event-processor-1  | If you wish to retain the existing behavior for retrying connections on startup,
  event-processor-1  | you should set broker_connection_retry_on_startup to True.
  event-processor-1  |   warnings.warn(
  event-processor-1  | 
  event-processor-1  | [2025-08-25 01:58:06,016: INFO/MainProcess] Connected to redis://redis:6379/0
  event-processor-1  | [2025-08-25 01:58:06,017: WARNING/MainProcess] /usr/local/lib/python3.11/site-packages/celery/worker/consumer/consumer.py:507: CPendingDeprecationWarning: The broker_connection_retry 
  configuration setting will no longer determine
  event-processor-1  | whether broker connection retries are made during startup in Celery 6.0 and above.
  event-processor-1  | If you wish to retain the existing behavior for retrying connections on startup,
  event-processor-1  | you should set broker_connection_retry_on_startup to True.
  event-processor-1  |   warnings.warn(
  event-processor-1  | 
  event-processor-1  | [2025-08-25 01:58:06,019: INFO/MainProcess] mingle: searching for neighbors
  backend-1          | Loading initial data...
  backend-1          | /usr/local/lib/python3.11/site-packages/django/db/models/base.py:366: RuntimeWarning: Model 'ai_processing.brand' was already registered. Reloading models is not advised as it can 
  lead to inconsistencies, most notably with related models.
  backend-1          |   new_class._meta.apps.register_model(new_class._meta.app_label, new_class)
  backend-1          | INFO 2025-08-25 01:58:06,483 config_manager 24 139661031062400 Configuration reloaded: 1 active providers
  backend-1          | INFO 2025-08-25 01:58:06,483 config_manager 24 139661031062400 Configuration reloaded: 1 active providers
  backend-1          | Installed 6 object(s) from 1 fixture(s)
  celery-logo-1      | [2025-08-25 01:58:06,688: WARNING/MainProcess] /usr/local/lib/python3.11/site-packages/celery/worker/consumer/consumer.py:507: CPendingDeprecationWarning: The broker_connection_retry 
  configuration setting will no longer determine
  celery-logo-1      | whether broker connection retries are made during startup in Celery 6.0 and above.
  celery-logo-1      | If you wish to retain the existing behavior for retrying connections on startup,
  celery-logo-1      | you should set broker_connection_retry_on_startup to True.
  celery-logo-1      |   warnings.warn(
  celery-logo-1      | 
  celery-default-1   | [2025-08-25 01:58:06,690: WARNING/MainProcess] /usr/local/lib/python3.11/site-packages/celery/worker/consumer/consumer.py:507: CPendingDeprecationWarning: The broker_connection_retry 
  configuration setting will no longer determine
  celery-default-1   | whether broker connection retries are made during startup in Celery 6.0 and above.
  celery-default-1   | If you wish to retain the existing behavior for retrying connections on startup,
  celery-default-1   | you should set broker_connection_retry_on_startup to True.
  celery-default-1   |   warnings.warn(
  celery-default-1   | 
  celery-logo-1      | [2025-08-25 01:58:06,695: INFO/MainProcess] Connected to redis://redis:6379/0
  celery-logo-1      | [2025-08-25 01:58:06,695: WARNING/MainProcess] /usr/local/lib/python3.11/site-packages/celery/worker/consumer/consumer.py:507: CPendingDeprecationWarning: The broker_connection_retry 
  configuration setting will no longer determine
  celery-logo-1      | whether broker connection retries are made during startup in Celery 6.0 and above.
  celery-logo-1      | If you wish to retain the existing behavior for retrying connections on startup,
  celery-logo-1      | you should set broker_connection_retry_on_startup to True.
  celery-logo-1      |   warnings.warn(
  celery-logo-1      | 
  celery-logo-1      | [2025-08-25 01:58:06,698: INFO/MainProcess] mingle: searching for neighbors


  backend-1          | Starting Django web server with uvicorn...
  celery-default-1   | [2025-08-25 01:58:06,697: INFO/MainProcess] Connected to redis://redis:6379/0
  backend-1          | Development mode: enabling auto-reload
  celery-default-1   | [2025-08-25 01:58:06,698: WARNING/MainProcess] /usr/local/lib/python3.11/site-packages/celery/worker/consumer/consumer.py:507: CPendingDeprecationWarning: The broker_connection_retry 
  configuration setting will no longer determine
  celery-default-1   | whether broker connection retries are made during startup in Celery 6.0 and above.
  celery-default-1   | If you wish to retain the existing behavior for retrying connections on startup,
  celery-default-1   | you should set broker_connection_retry_on_startup to True.
  celery-default-1   |   warnings.warn(
  celery-default-1   | 
  celery-default-1   | [2025-08-25 01:58:06,699: INFO/MainProcess] mingle: searching for neighbors
  backend-1          | INFO:     Will watch for changes in these directories: ['/app']
  backend-1          | INFO:     Uvicorn running on http://0.0.0.0:8000 (Press CTRL+C to quit)
  backend-1          | INFO:     Started reloader process [1] using WatchFiles
  event-processor-1  | [2025-08-25 01:58:07,026: INFO/MainProcess] mingle: all alone
  backend-1          | /usr/local/lib/python3.11/site-packages/django/db/models/base.py:366: RuntimeWarning: Model 'ai_processing.brand' was already registered. Reloading models is not advised as it can 
  lead to inconsistencies, most notably with related models.
  backend-1          |   new_class._meta.apps.register_model(new_class._meta.app_label, new_class)
  backend-1          | INFO:     Started server process [41]
  backend-1          | INFO:     Waiting for application startup.
  backend-1          | INFO:     ASGI 'lifespan' protocol appears unsupported.
  backend-1          | INFO:     Application startup complete.
  celery-logo-1      | [2025-08-25 01:58:07,704: INFO/MainProcess] mingle: all alone
  celery-default-1   | [2025-08-25 01:58:07,705: INFO/MainProcess] mingle: all alone
  file-watcher-1     | DEBUG 2025-08-25 01:58:07,840 file_watcher 1 140138755009408 File watcher: Found 0 total .ts files, 0 already processed
  file-watcher-1     | DEBUG 2025-08-25 01:58:07,840 file_watcher 1 140138755009408 File watcher: Found 0 total .ts files, 0 already processed
  file-watcher-1     | DEBUG 2025-08-25 01:58:09,840 file_watcher 1 140138755009408 File watcher: Found 0 total .ts files, 0 already processed
  file-watcher-1     | DEBUG 2025-08-25 01:58:09,840 file_watcher 1 140138755009408 File watcher: Found 0 total .ts files, 0 already processed
  file-watcher-1     | DEBUG 2025-08-25 01:58:11,840 file_watcher 1 140138755009408 File watcher: Found 0 total .ts files, 0 already processed
  file-watcher-1     | DEBUG 2025-08-25 01:58:11,840 file_watcher 1 140138755009408 File watcher: Found 0 total .ts files, 0 already processed
  file-watcher-1     | DEBUG 2025-08-25 01:58:13,841 file_watcher 1 140138755009408 File watcher: Found 0 total .ts files, 0 already processed
  file-watcher-1     | DEBUG 2025-08-25 01:58:13,841 file_watcher 1 140138755009408 File watcher: Found 0 total .ts files, 0 already processed
  file-watcher-1     | DEBUG 2025-08-25 01:58:15,841 file_watcher 1 140138755009408 File watcher: Found 0 total .ts files, 0 already processed
  file-watcher-1     | DEBUG 2025-08-25 01:58:15,841 file_watcher 1 140138755009408 File watcher: Found 0 total .ts files, 0 already processed
  file-watcher-1     | DEBUG 2025-08-25 01:58:17,841 file_watcher 1 140138755009408 File watcher: Found 0 total .ts files, 0 already processed
  file-watcher-1     | DEBUG 2025-08-25 01:58:17,841 file_watcher 1 140138755009408 File watcher: Found 0 total .ts files, 0 already processed
  file-watcher-1     | DEBUG 2025-08-25 01:58:19,841 file_watcher 1 140138755009408 File watcher: Found 0 total .ts files, 0 already processed
  file-watcher-1     | DEBUG 2025-08-25 01:58:19,841 file_watcher 1 140138755009408 File watcher: Found 0 total .ts files, 0 already processed
  frontend-1         | 172.18.0.1 - - [25/Aug/2025:01:58:20 +0000] "GET / HTTP/1.1" 304 0 "-" "Mozilla/5.0 (X11; Linux x86_64) AppleWebKit/537.36 (KHTML, like Gecko) Chrome/138.0.0.0 Safari/537.36" "-"
  frontend-1         | 172.18.0.1 - - [25/Aug/2025:01:58:20 +0000] "GET / HTTP/1.1" 304 0 "-" "Mozilla/5.0 (X11; Linux x86_64) AppleWebKit/537.36 (KHTML, like Gecko) Chrome/138.0.0.0 Safari/537.36" "-"
  backend-1          | ERROR 2025-08-25 01:58:21,204 config_manager 41 139879207623552 Failed to reload configuration: You cannot call this from an async context - use a thread or sync_to_async.
  backend-1          | ERROR 2025-08-25 01:58:21,204 config_manager 41 139879207623552 Failed to reload configuration: You cannot call this from an async context - use a thread or sync_to_async.
  backend-1          | INFO:     172.18.0.10:54190 - "GET /api/streaming/streams/ HTTP/1.1" 200 OK
  frontend-1         | 172.18.0.1 - - [25/Aug/2025:01:58:21 +0000] "GET /api/streaming/streams/ HTTP/1.1" 200 642 "http://localhost:4200/" "Mozilla/5.0 (X11; Linux x86_64) AppleWebKit/537.36 (KHTML, like 
  Gecko) Chrome/138.0.0.0 Safari/537.36" "-"
  frontend-1         | 172.18.0.1 - - [25/Aug/2025:01:58:21 +0000] "GET /api/streaming/streams/ HTTP/1.1" 200 642 "http://localhost:4200/" "Mozilla/5.0 (X11; Linux x86_64) AppleWebKit/537.36 (KHTML, like 
  Gecko) Chrome/138.0.0.0 Safari/537.36" "-"
  file-watcher-1     | DEBUG 2025-08-25 01:58:21,842 file_watcher 1 140138755009408 File watcher: Found 0 total .ts files, 0 already processed
  file-watcher-1     | DEBUG 2025-08-25 01:58:21,842 file_watcher 1 140138755009408 File watcher: Found 0 total .ts files, 0 already processed
  backend-1          | INFO:     ('172.18.0.10', 51816) - "WebSocket /ws/stream/" [accepted]
  backend-1          | INFO 2025-08-25 01:58:22,102 consumers 41 139879207623552 WebSocket connected - ready to subscribe to streams
  backend-1          | INFO:     connection open
  nginx-rtmp-1       | 2025/08/25 01:58:22 [error] 7#7: *1 open() "/var/www/media/97200a82-647c-4190-b268-ae7ec8f882f6.m3u8" failed (2: No such file or directory), client: 172.18.0.10, server: , request: 
  "GET /97200a82-647c-4190-b268-ae7ec8f882f6.m3u8 HTTP/1.1", host: "localhost", referrer: "http://localhost:4200/"
  nginx-rtmp-1       | 172.18.0.10 - - [25/Aug/2025:01:58:22 +0000] "GET /97200a82-647c-4190-b268-ae7ec8f882f6.m3u8 HTTP/1.1" 404 555 "http://localhost:4200/" "Mozilla/5.0 (X11; Linux x86_64) 
  AppleWebKit/537.36 (KHTML, like Gecko) Chrome/138.0.0.0 Safari/537.36"
  frontend-1         | 172.18.0.1 - - [25/Aug/2025:01:58:22 +0000] "GET /streaming/97200a82-647c-4190-b268-ae7ec8f882f6.m3u8 HTTP/1.1" 404 555 "http://localhost:4200/" "Mozilla/5.0 (X11; Linux x86_64) 
  AppleWebKit/537.36 (KHTML, like Gecko) Chrome/138.0.0.0 Safari/537.36" "-"
  frontend-1         | 172.18.0.1 - - [25/Aug/2025:01:58:22 +0000] "GET /streaming/97200a82-647c-4190-b268-ae7ec8f882f6.m3u8 HTTP/1.1" 404 555 "http://localhost:4200/" "Mozilla/5.0 (X11; Linux x86_64) 
  AppleWebKit/537.36 (KHTML, like Gecko) Chrome/138.0.0.0 Safari/537.36" "-"
  backend-1          | INFO 2025-08-25 01:58:22,200 consumers 41 139879207623552 WebSocket received message: {'type': 'subscribe', 'stream_id': '97200a82-647c-4190-b268-ae7ec8f882f6', 'session_id': 
  'session_1756087102097_dcm5489ih'}
  backend-1          | INFO 2025-08-25 01:58:22,200 consumers 41 139879207623552 Subscribe request: stream_key=97200a82-647c-4190-b268-ae7ec8f882f6, session_id=session_1756087102097_dcm5489ih
  backend-1          | INFO 2025-08-25 01:58:22,200 consumers 41 139879207623552 Stored session in cache: stream_session_97200a82-647c-4190-b268-ae7ec8f882f6 = session_1756087102097_dcm5489ih
  file-watcher-1     | DEBUG 2025-08-25 01:58:23,842 file_watcher 1 140138755009408 File watcher: Found 0 total .ts files, 0 already processed
  file-watcher-1     | DEBUG 2025-08-25 01:58:23,842 file_watcher 1 140138755009408 File watcher: Found 0 total .ts files, 0 already processed
  file-watcher-1     | DEBUG 2025-08-25 01:58:25,842 file_watcher 1 140138755009408 File watcher: Found 0 total .ts files, 0 already processed
  file-watcher-1     | DEBUG 2025-08-25 01:58:25,842 file_watcher 1 140138755009408 File watcher: Found 0 total .ts files, 0 already processed
  file-watcher-1     | DEBUG 2025-08-25 01:58:27,843 file_watcher 1 140138755009408 File watcher: Found 0 total .ts files, 0 already processed
  file-watcher-1     | DEBUG 2025-08-25 01:58:27,843 file_watcher 1 140138755009408 File watcher: Found 0 total .ts files, 0 already processed
  frontend-1         | 172.18.0.1 - - [25/Aug/2025:01:58:28 +0000] "GET / HTTP/1.1" 200 591 "-" "Mozilla/5.0 (X11; Linux x86_64) AppleWebKit/537.36 (KHTML, like Gecko) Chrome/138.0.0.0 Safari/537.36" "-"
  frontend-1         | 172.18.0.1 - - [25/Aug/2025:01:58:28 +0000] "GET / HTTP/1.1" 200 591 "-" "Mozilla/5.0 (X11; Linux x86_64) AppleWebKit/537.36 (KHTML, like Gecko) Chrome/138.0.0.0 Safari/537.36" "-"
  frontend-1         | 172.18.0.1 - - [25/Aug/2025:01:58:28 +0000] "GET /ws/stream/ HTTP/1.1" 101 0 "-" "Mozilla/5.0 (X11; Linux x86_64) AppleWebKit/537.36 (KHTML, like Gecko) Chrome/138.0.0.0 
  Safari/537.36" "-"


  frontend-1         | 172.18.0.1 - - [25/Aug/2025:01:58:28 +0000] "GET /ws/stream/ HTTP/1.1" 101 0 "-" "Mbackend-1          | INFO:     connection closed6 (KHTML, like Gecko) Chrome/138.0.0.0 
  Safari/537.36" "-backend-1          | INFO 2025-08-25 01:58:28,901 consumers 41 139879207623552 WebSocket disconnected
  frontend-1         | 172.18.0.1 - - [25/Aug/2025:01:58:28 +0000] "GET /styles-5INURTSO.css HTTP/1.1" 200 0 "http://localhost:4200/" "Mozilla/5.0 (X11; Linux x86_64) AppleWebKit/537.36 (KHTML, like Gecko) 
  Chrome/138.0.0.0 Safari/537.36" "-"
  frontend-1         | 172.18.0.1 - - [25/Aug/2025:01:58:28 +0000] "GET /env-config.js HTTP/1.1" 200 397 "http://localhost:4200/" "Mozilla/5.0 (X11; Linux x86_64) AppleWebKit/537.36 (KHTML, like Gecko) 
  Chrome/138.0.0.0 Safari/537.36" "-"
  frontend-1         | 172.18.0.1 - - [25/Aug/2025:01:58:28 +0000] "GET /styles-5INURTSO.css HTTP/1.1" 200 0 "http://localhost:4200/" "Mozilla/5.0 (X11; Linux x86_64) AppleWebKit/537.36 (KHTML, like Gecko) 
  Chrome/138.0.0.0 Safari/537.36" "-"
  frontend-1         | 172.18.0.1 - - [25/Aug/2025:01:58:28 +0000] "GET /env-config.js HTTP/1.1" 200 397 "http://localhost:4200/" "Mozilla/5.0 (X11; Linux x86_64) AppleWebKit/537.36 (KHTML, like Gecko) 
  Chrome/138.0.0.0 Safari/537.36" "-"
  frontend-1         | 172.18.0.1 - - [25/Aug/2025:01:58:28 +0000] "GET /main-HPXA7UM3.js HTTP/1.1" 200 293160 "http://localhost:4200/" "Mozilla/5.0 (X11; Linux x86_64) AppleWebKit/537.36 (KHTML, like 
  Gecko) Chrome/138.0.0.0 Safari/537.36" "-"
  frontend-1         | 172.18.0.1 - - [25/Aug/2025:01:58:28 +0000] "GET /main-HPXA7UM3.js HTTP/1.1" 200 293160 "http://localhost:4200/" "Mozilla/5.0 (X11; Linux x86_64) AppleWebKit/537.36 (KHTML, like 
  Gecko) Chrome/138.0.0.0 Safari/537.36" "-"
  frontend-1         | 172.18.0.1 - - [25/Aug/2025:01:58:28 +0000] "GET /polyfills-FFHMD2TL.js HTTP/1.1" 200 13815 "http://localhost:4200/" "Mozilla/5.0 (X11; Linux x86_64) AppleWebKit/537.36 (KHTML, like 
  Gecko) Chrome/138.0.0.0 Safari/537.36" "-"
  frontend-1         | 172.18.0.1 - - [25/Aug/2025:01:58:28 +0000] "GET /polyfills-FFHMD2TL.js HTTP/1.1" 200 13815 "http://localhost:4200/" "Mozilla/5.0 (X11; Linux x86_64) AppleWebKit/537.36 (KHTML, like 
  Gecko) Chrome/138.0.0.0 Safari/537.36" "-"
  backend-1          | INFO:     ('172.18.0.10', 51826) - "WebSocket /ws/stream/" [accepted]
  backend-1          | INFO 2025-08-25 01:58:28,947 consumers 41 139879207623552 WebSocket connected - ready to subscribe to streams
  backend-1          | INFO:     connection open
  nginx-rtmp-1       | 2025/08/25 01:58:28 [error] 7#7: *2 open() "/var/www/media/97200a82-647c-4190-b268-ae7ec8f882f6.m3u8" failed (2: No such file or directory), client: 172.18.0.10, server: , request: 
  "GET /97200a82-647c-4190-b268-ae7ec8f882f6.m3u8 HTTP/1.1", host: "localhost", referrer: "http://localhost:4200/"
  nginx-rtmp-1       | 172.18.0.10 - - [25/Aug/2025:01:58:28 +0000] "GET /97200a82-647c-4190-b268-ae7ec8f882f6.m3u8 HTTP/1.1" 404 555 "http://localhost:4200/" "Mozilla/5.0 (X11; Linux x86_64) 
  AppleWebKit/537.36 (KHTML, like Gecko) Chrome/138.0.0.0 Safari/537.36"
  frontend-1         | 172.18.0.1 - - [25/Aug/2025:01:58:28 +0000] "GET /streaming/97200a82-647c-4190-b268-ae7ec8f882f6.m3u8 HTTP/1.1" 404 555 "http://localhost:4200/" "Mozilla/5.0 (X11; Linux x86_64) 
  AppleWebKit/537.36 (KHTML, like Gecko) Chrome/138.0.0.0 Safari/537.36" "-"
  frontend-1         | 172.18.0.1 - - [25/Aug/2025:01:58:28 +0000] "GET /streaming/97200a82-647c-4190-b268-ae7ec8f882f6.m3u8 HTTP/1.1" 404 555 "http://localhost:4200/" "Mozilla/5.0 (X11; Linux x86_64) 
  AppleWebKit/537.36 (KHTML, like Gecko) Chrome/138.0.0.0 Safari/537.36" "-"
  nginx-rtmp-1       | 172.18.0.10 - - [25/Aug/2025:01:58:28 +0000] "GET /97200a82-647c-4190-b268-ae7ec8f882f6.m3u8 HTTP/1.1" 404 555 "http://localhost:4200/" "Mozilla/5.0 (X11; Linux x86_64) 
  AppleWebKit/537.36 (KHTML, like Gecko) Chrome/138.0.0.0 Safari/537.36"
  nginx-rtmp-1       | 2025/08/25 01:58:28 [error] 7#7: *3 open() "/var/www/media/97200a82-647c-4190-b268-ae7ec8f882f6.m3u8" failed (2: No such file or directory), client: 172.18.0.10, server: , request: 
  "GET /97200a82-647c-4190-b268-ae7ec8f882f6.m3u8 HTTP/1.1", host: "localhost", referrer: "http://localhost:4200/"
  frontend-1         | 172.18.0.1 - - [25/Aug/2025:01:58:28 +0000] "GET /streaming/97200a82-647c-4190-b268-ae7ec8f882f6.m3u8 HTTP/1.1" 404 555 "http://localhost:4200/" "Mozilla/5.0 (X11; Linux x86_64) 
  AppleWebKit/537.36 (KHTML, like Gecko) Chrome/138.0.0.0 Safari/537.36" "-"
  frontend-1         | 172.18.0.1 - - [25/Aug/2025:01:58:28 +0000] "GET /streaming/97200a82-647c-4190-b268-ae7ec8f882f6.m3u8 HTTP/1.1" 404 555 "http://localhost:4200/" "Mozilla/5.0 (X11; Linux x86_64) 
  AppleWebKit/537.36 (KHTML, like Gecko) Chrome/138.0.0.0 Safari/537.36" "-"
  backend-1          | INFO:     172.18.0.10:51824 - "GET /api/streaming/streams/ HTTP/1.1" 200 OK
  frontend-1         | 172.18.0.1 - - [25/Aug/2025:01:58:28 +0000] "GET /api/streaming/streams/ HTTP/1.1" 200 642 "http://localhost:4200/" "Mozilla/5.0 (X11; Linux x86_64) AppleWebKit/537.36 (KHTML, like 
  Gecko) Chrome/138.0.0.0 Safari/537.36" "-"
  frontend-1         | 172.18.0.1 - - [25/Aug/2025:01:58:28 +0000] "GET /api/streaming/streams/ HTTP/1.1" 200 642 "http://localhost:4200/" "Mozilla/5.0 (X11; Linux x86_64) AppleWebKit/537.36 (KHTML, like 
  Gecko) Chrome/138.0.0.0 Safari/537.36" "-"
  frontend-1         | 172.18.0.1 - - [25/Aug/2025:01:58:29 +0000] "GET /favicon.ico HTTP/1.1" 200 15086 "http://localhost:4200/" "Mozilla/5.0 (X11; Linux x86_64) AppleWebKit/537.36 (KHTML, like Gecko) 
  Chrome/138.0.0.0 Safari/537.36" "-"
  frontend-1         | 172.18.0.1 - - [25/Aug/2025:01:58:29 +0000] "GET /favicon.ico HTTP/1.1" 200 15086 "http://localhost:4200/" "Mozilla/5.0 (X11; Linux x86_64) AppleWebKit/537.36 (KHTML, like Gecko) 
  Chrome/138.0.0.0 Safari/537.36" "-"
  backend-1          | INFO 2025-08-25 01:58:29,050 consumers 41 139879207623552 WebSocket received message: {'type': 'subscribe', 'stream_id': '97200a82-647c-4190-b268-ae7ec8f882f6', 'session_id': 
  'session_1756087102097_dcm5489ih'}
  backend-1          | INFO 2025-08-25 01:58:29,050 consumers 41 139879207623552 Subscribe request: stream_key=97200a82-647c-4190-b268-ae7ec8f882f6, session_id=session_1756087102097_dcm5489ih
  backend-1          | INFO 2025-08-25 01:58:29,050 consumers 41 139879207623552 Stored session in cache: stream_session_97200a82-647c-4190-b268-ae7ec8f882f6 = session_1756087102097_dcm5489ih
  file-watcher-1     | DEBUG 2025-08-25 01:58:29,843 file_watcher 1 140138755009408 File watcher: Found 0 total .ts files, 0 already processed
  file-watcher-1     | DEBUG 2025-08-25 01:58:29,843 file_watcher 1 140138755009408 File watcher: Found 0 total .ts files, 0 already processed
  file-watcher-1     | DEBUG 2025-08-25 01:58:31,843 file_watcher 1 140138755009408 File watcher: Found 0 total .ts files, 0 already processed
  file-watcher-1     | DEBUG 2025-08-25 01:58:31,843 file_watcher 1 140138755009408 File watcher: Found 0 total .ts files, 0 already processed
  file-watcher-1     | DEBUG 2025-08-25 01:58:33,844 file_watcher 1 140138755009408 File watcher: Found 0 total .ts files, 0 already processed
  file-watcher-1     | DEBUG 2025-08-25 01:58:33,844 file_watcher 1 140138755009408 File watcher: Found 0 total .ts files, 0 already processed
  file-watcher-1     | DEBUG 2025-08-25 01:58:35,844 file_watcher 1 140138755009408 File watcher: Found 0 total .ts files, 0 already processed
  file-watcher-1     | DEBUG 2025-08-25 01:58:35,844 file_watcher 1 140138755009408 File watcher: Found 0 total .ts files, 0 already processed
  backend-1          | INFO 2025-08-25 01:58:36,008 source_adapters 41 139878140458688 Stopped webcam processing for stream 20
  backend-1          | INFO:     172.18.0.10:39376 - "POST /api/streaming/streams/97200a82-647c-4190-b268-ae7ec8f882f6/stop/ HTTP/1.1" 200 OK
  frontend-1         | 172.18.0.1 - - [25/Aug/2025:01:58:36 +0000] "POST /api/streaming/streams/97200a82-647c-4190-b268-ae7ec8f882f6/stop/ HTTP/1.1" 200 42 "http://localhost:4200/" "Mozilla/5.0 (X11; Linux 
  x86_64) AppleWebKit/537.36 (KHTML, like Gecko) Chrome/138.0.0.0 Safari/537.36" "-"
  frontend-1         | 172.18.0.1 - - [25/Aug/2025:01:58:36 +0000] "POST /api/streaming/streams/97200a82-647c-4190-b268-ae7ec8f882f6/stop/ HTTP/1.1" 200 42 "http://localhost:4200/" "Mozilla/5.0 (X11; Linux 
  x86_64) AppleWebKit/537.36 (KHTML, like Gecko) Chrome/138.0.0.0 Safari/537.36" "-"
  frontend-1         | 172.18.0.1 - - [25/Aug/2025:01:58:36 +0000] "GET /ws/stream/ HTTP/1.1" 101 2 "-" "Mozilla/5.0 (X11; Linux x86_64) AppleWebKit/537.36 (KHTML, like Gecko) Chrome/138.0.0.0 
  Safari/537.36" "-"


  frontend-1         | 172.18.0.1 - - [25/Aug/2025:01:58:36 +0000] "GET /ws/stream/ HTTP/1.1" 101 2 "-" "Mbackend-1          | INFO 2025-08-25 01:58:36,012 consumers 41 139879207623552 WebSocket received 
  message: {'type': 'unsubscribe', 'stream_id': '97200a82-647c-4190-b268-ae7ec8f882f6'}
  backend-1          | INFO:     connection closed
  backend-1          | INFO 2025-08-25 01:58:36,012 consumers 41 139879207623552 WebSocket disconnected
  backend-1          | INFO:     172.18.0.10:39378 - "GET /api/streaming/streams/ HTTP/1.1" 200 OK
  frontend-1         | 172.18.0.1 - - [25/Aug/2025:01:58:36 +0000] "GET /api/streaming/streams/ HTTP/1.1" 200 582 "http://localhost:4200/" "Mozilla/5.0 (X11; Linux x86_64) AppleWebKit/537.36 (KHTML, like 
  Gecko) Chrome/138.0.0.0 Safari/537.36" "-"
  frontend-1         | 172.18.0.1 - - [25/Aug/2025:01:58:36 +0000] "GET /api/streaming/streams/ HTTP/1.1" 200 582 "http://localhost:4200/" "Mozilla/5.0 (X11; Linux x86_64) AppleWebKit/537.36 (KHTML, like 
  Gecko) Chrome/138.0.0.0 Safari/537.36" "-"
  file-watcher-1     | DEBUG 2025-08-25 01:58:37,844 file_watcher 1 140138755009408 File watcher: Found 0 total .ts files, 0 already processed
  file-watcher-1     | DEBUG 2025-08-25 01:58:37,844 file_watcher 1 140138755009408 File watcher: Found 0 total .ts files, 0 already processed
  backend-1          | INFO 2025-08-25 01:58:38,048 source_adapters 41 139878140458688 Starting webcam processing for stream 20 with key 97200a82-647c-4190-b268-ae7ec8f882f6
  backend-1          | INFO 2025-08-25 01:58:38,055 source_adapters 41 139878140458688 Webcam playlist path: /app/media/97200a82-647c-4190-b268-ae7ec8f882f6.m3u8
  backend-1          | INFO 2025-08-25 01:58:38,055 source_adapters 41 139878140458688 Starting FFmpeg webcam conversion with device 0
  backend-1          | INFO 2025-08-25 01:58:38,062 source_adapters 41 139878140458688 FFmpeg process started successfully with PID: 68
  backend-1          | INFO 2025-08-25 01:58:38,065 source_adapters 41 139878140458688 Started webcam processing for stream 20
  backend-1          | INFO 2025-08-25 01:58:38,065 views 41 139878140458688 Waiting for HLS playlist to be ready: /app/media/97200a82-647c-4190-b268-ae7ec8f882f6.m3u8
  file-watcher-1     | DEBUG 2025-08-25 01:58:39,844 file_watcher 1 140138755009408 File watcher: Found 0 total .ts files, 0 already processed
  file-watcher-1     | DEBUG 2025-08-25 01:58:39,844 file_watcher 1 140138755009408 File watcher: Found 0 total .ts files, 0 already processed
  file-watcher-1     | DEBUG 2025-08-25 01:58:41,845 file_watcher 1 140138755009408 File watcher: Found 0 total .ts files, 0 already processed
  file-watcher-1     | DEBUG 2025-08-25 01:58:41,845 file_watcher 1 140138755009408 File watcher: Found 0 total .ts files, 0 already processed
  file-watcher-1     | DEBUG 2025-08-25 01:58:43,845 file_watcher 1 140138755009408 File watcher: Found 0 total .ts files, 0 already processed
  file-watcher-1     | DEBUG 2025-08-25 01:58:43,845 file_watcher 1 140138755009408 File watcher: Found 0 total .ts files, 0 already processed
  file-watcher-1     | DEBUG 2025-08-25 01:58:45,845 file_watcher 1 140138755009408 File watcher: Found 0 total .ts files, 0 already processed
  file-watcher-1     | DEBUG 2025-08-25 01:58:45,845 file_watcher 1 140138755009408 File watcher: Found 0 total .ts files, 0 already processed
  file-watcher-1     | DEBUG 2025-08-25 01:58:47,846 file_watcher 1 140138755009408 File watcher: Found 1 total .ts files, 0 already processed
  file-watcher-1     | DEBUG 2025-08-25 01:58:47,846 file_watcher 1 140138755009408 File watcher: Found 1 total .ts files, 0 already processed
  file-watcher-1     | INFO 2025-08-25 01:58:47,846 file_watcher 1 140138755009408 File watcher: Found 1 new files to process
  file-watcher-1     | INFO 2025-08-25 01:58:47,846 file_watcher 1 140138755009408 File watcher: Found 1 new files to process
  file-watcher-1     | INFO 2025-08-25 01:58:47,849 file_watcher 1 140138755009408 File watcher: Processing new segment 97200a82-647c-4190-b268-ae7ec8f882f60.ts (stream: 
  97200a82-647c-4190-b268-ae7ec8f882f6)
  file-watcher-1     | INFO 2025-08-25 01:58:47,849 file_watcher 1 140138755009408 File watcher: Processing new segment 97200a82-647c-4190-b268-ae7ec8f882f60.ts (stream: 
  97200a82-647c-4190-b268-ae7ec8f882f6)
  file-watcher-1     | INFO 2025-08-25 01:58:47,851 segment_events 1 140138755009408 Published segment event: /app/media/97200a82-647c-4190-b268-ae7ec8f882f60.ts (queue length: 1)
  file-watcher-1     | INFO 2025-08-25 01:58:47,851 file_watcher 1 140138755009408 File watcher: Published segment event for 97200a82-647c-4190-b268-ae7ec8f882f60.ts
  file-watcher-1     | INFO 2025-08-25 01:58:47,851 file_watcher 1 140138755009408 File watcher: Published segment event for 97200a82-647c-4190-b268-ae7ec8f882f60.ts
  backend-1          | INFO:     172.18.0.10:39394 - "POST /api/streaming/streams/webcam/start/ HTTP/1.1" 200 OK
  frontend-1         | 172.18.0.1 - - [25/Aug/2025:01:58:48 +0000] "POST /api/streaming/streams/webcam/start/ HTTP/1.1" 200 299 "http://localhost:4200/" "Mozilla/5.0 (X11; Linux x86_64) AppleWebKit/537.36 
  (KHTML, like Gecko) Chrome/138.0.0.0 Safari/537.36" "-"
  frontend-1         | 172.18.0.1 - - [25/Aug/2025:01:58:48 +0000] "POST /api/streaming/streams/webcam/start/ HTTP/1.1" 200 299 "http://localhost:4200/" "Mozilla/5.0 (X11; Linux x86_64) AppleWebKit/537.36 
  (KHTML, like Gecko) Chrome/138.0.0.0 Safari/537.36" "-"


  frontend-1         | 2025/08/25 01:58:48 [warn] 32#32: *9 upstream sent duplicate header line: "Content-Type: application/vnd.apple.mpegurl", previous value: "Content-Type: application/octet-stream", 
  ignored while reading response header from upstream, client: 172.18.0.1, server: localhost, request: "GET /streaming/97200a82-647c-4190-b268-ae7ec8f882f6.m3u8 HTTP/1.1", upstream: 
  "http://172.18.0.4:80/97200a82-647c-4190-b268-ae7ec8f882f6.m3u8", host: "localhost:4200", referrer: "http://localhost:4200/"
  frontend-1         | 172.18.0.1 - - [25/Aug/2025:01:58:48 +0000] "GET /streaming/97200a82-647c-4190-b268-ae7ec8f882f6.m3u8 HTTP/1.1" 200 132 "http://localhost:4200/" "Mozilla/5.0 (X11; Linux x86_64) 
  AppleWebKit/537.36 (KHTML, like Gecko) Chrome/138.0.0.0 Safari/537.36" "-"
  nginx-rtmp-1       | 172.18.0.10 - - [25/Aug/2025:01:58:48 +0000] "GET /97200a82-647c-4190-b268-ae7ec8f882f6.m3u8 HTTP/1.1" 200 132 "http://localhost:4200/" "Mozilla/5.0 (X11; Linux x86_64) 
  AppleWebKit/537.36 (KHTML, like Gecko) Chrome/138.0.0.0 Safari/537.36"
  frontend-1         | 2025/08/25 01:58:48 [warn] 32#32: *9 upstream sent duplicate header line: "Content-Type: application/vnd.apple.mpegurl", previous value: "Content-Type: application/octet-stream", 
  ignored while reading response header from upstream, client: 172.18.0.1, server: localhost, request: "GET /streaming/97200a82-647c-4190-b268-ae7ec8f882f6.m3u8 HTTP/1.1", upstream: 
  "http://172.18.0.4:80/97200a82-647c-4190-b268-ae7ec8f882f6.m3u8", host: "localhost:4200", referrer: "http://localhost:4200/"
  backend-1          | INFO:     ('172.18.0.10', 52880) - "WebSocket /ws/stream/" [accepted]

  backend-1          | INFO 2025-08-25 01:58:48,074 consumers 41 139879207623552 WebSocket connected - ready to subscribe to streams
  frontend-1         | 172.18.0.1 - - [25/Aug/2025:01:58:48 +0000] "GET /streaming/97200a82-647c-4190-b268-ae7ec8f882f6.m3u8 HTTP/1.1" 200 132 "http://localhost:4200/" "Mozilla/5.0 (X11; Linux x86_64) 
  AppleWebKit/537.36 (KHTML, like Gecko) Chrome/138.0.0.0 Safari/537.36" "-"


  backend-1          | INFO:     connection open
  frontend-1         | 2025/08/25 01:58:48 [warn] 32#32: *9 upstream sent duplicate header line: "Content-Type: video/mp2t", previous value: "Content-Type: application/octet-stream", ignored while reading 
  response header from upstream, client: 172.18.0.1, server: localhost, request: "GET /streaming/97200a82-647c-4190-b268-ae7ec8f882f60.ts HTTP/1.1", upstream: 
  "http://172.18.0.4:80/97200a82-647c-4190-b268-ae7ec8f882f60.ts", host: "localhost:4200", referrer: "http://localhost:4200/"
  frontend-1         | 2025/08/25 01:58:48 [warn] 32#32: *9 upstream sent duplicate header line: "Content-Type: video/mp2t", previous value: "Content-Type: application/octet-stream", ignored while reading 
  response header from upstream, client: 172.18.0.1, server: localhost, request: "GET /streaming/97200a82-647c-4190-b268-ae7ec8f882f60.ts HTTP/1.1", upstream: 
  "http://172.18.0.4:80/97200a82-647c-4190-b268-ae7ec8f882f60.ts", host: "localhost:4200", referrer: "http://localhost:4200/"
  nginx-rtmp-1       | 172.18.0.10 - - [25/Aug/2025:01:58:48 +0000] "GET /97200a82-647c-4190-b268-ae7ec8f882f60.ts HTTP/1.1" 200 1696888 "http://localhost:4200/" "Mozilla/5.0 (X11; Linux x86_64) 
  AppleWebKit/537.36 (KHTML, like Gecko) Chrome/138.0.0.0 Safari/537.36"
  frontend-1         | 172.18.0.1 - - [25/Aug/2025:01:58:48 +0000] "GET /streaming/97200a82-647c-4190-b268-ae7ec8f882f60.ts HTTP/1.1" 200 1696888 "http://localhost:4200/" "Mozilla/5.0 (X11; Linux x86_64) 
  AppleWebKit/537.36 (KHTML, like Gecko) Chrome/138.0.0.0 Safari/537.36" "-"
  frontend-1         | 172.18.0.1 - - [25/Aug/2025:01:58:48 +0000] "GET /streaming/97200a82-647c-4190-b268-ae7ec8f882f60.ts HTTP/1.1" 200 1696888 "http://localhost:4200/" "Mozilla/5.0 (X11; Linux x86_64) 
  AppleWebKit/537.36 (KHTML, like Gecko) Chrome/138.0.0.0 Safari/537.36" "-"
  backend-1          | INFO 2025-08-25 01:58:48,172 consumers 41 139879207623552 WebSocket received message: {'type': 'subscribe', 'stream_id': '97200a82-647c-4190-b268-ae7ec8f882f6', 'session_id': 
  'session_1756087128071_8fgemdmze'}
  backend-1          | INFO 2025-08-25 01:58:48,172 consumers 41 139879207623552 Subscribe request: stream_key=97200a82-647c-4190-b268-ae7ec8f882f6, session_id=session_1756087128071_8fgemdmze
  backend-1          | INFO 2025-08-25 01:58:48,172 consumers 41 139879207623552 Stored session in cache: stream_session_97200a82-647c-4190-b268-ae7ec8f882f6 = session_1756087128071_8fgemdmze
  backend-1          | INFO:     172.18.0.10:52894 - "GET /api/streaming/streams/ HTTP/1.1" 200 OK
  frontend-1         | 172.18.0.1 - - [25/Aug/2025:01:58:49 +0000] "GET /api/streaming/streams/ HTTP/1.1" 200 642 "http://localhost:4200/" "Mozilla/5.0 (X11; Linux x86_64) AppleWebKit/537.36 (KHTML, like 
  Gecko) Chrome/138.0.0.0 Safari/537.36" "-"
  frontend-1         | 172.18.0.1 - - [25/Aug/2025:01:58:49 +0000] "GET /api/streaming/streams/ HTTP/1.1" 200 642 "http://localhost:4200/" "Mozilla/5.0 (X11; Linux x86_64) AppleWebKit/537.36 (KHTML, like 
  Gecko) Chrome/138.0.0.0 Safari/537.36" "-"
  file-watcher-1     | DEBUG 2025-08-25 01:58:49,851 file_watcher 1 140138755009408 File watcher: Found 1 total .ts files, 1 already processed
  file-watcher-1     | DEBUG 2025-08-25 01:58:49,851 file_watcher 1 140138755009408 File watcher: Found 1 total .ts files, 1 already processed
  file-watcher-1     | DEBUG 2025-08-25 01:58:51,851 file_watcher 1 140138755009408 File watcher: Found 1 total .ts files, 1 already processed
  file-watcher-1     | DEBUG 2025-08-25 01:58:51,851 file_watcher 1 140138755009408 File watcher: Found 1 total .ts files, 1 already processed
  file-watcher-1     | DEBUG 2025-08-25 01:58:53,852 file_watcher 1 140138755009408 File watcher: Found 1 total .ts files, 1 already processed
  file-watcher-1     | DEBUG 2025-08-25 01:58:53,852 file_watcher 1 140138755009408 File watcher: Found 1 total .ts files, 1 already processed
  file-watcher-1     | DEBUG 2025-08-25 01:58:55,852 file_watcher 1 140138755009408 File watcher: Found 1 total .ts files, 1 already processed
  file-watcher-1     | DEBUG 2025-08-25 01:58:55,852 file_watcher 1 140138755009408 File watcher: Found 1 total .ts files, 1 already processed
  file-watcher-1     | DEBUG 2025-08-25 01:58:57,853 file_watcher 1 140138755009408 File watcher: Found 2 total .ts files, 1 already processed
  file-watcher-1     | DEBUG 2025-08-25 01:58:57,853 file_watcher 1 140138755009408 File watcher: Found 2 total .ts files, 1 already processed
  file-watcher-1     | INFO 2025-08-25 01:58:57,853 file_watcher 1 140138755009408 File watcher: Found 1 new files to process
  file-watcher-1     | INFO 2025-08-25 01:58:57,853 file_watcher 1 140138755009408 File watcher: Found 1 new files to process
  file-watcher-1     | INFO 2025-08-25 01:58:57,854 file_watcher 1 140138755009408 File watcher: Processing new segment 97200a82-647c-4190-b268-ae7ec8f882f61.ts (stream: 
  97200a82-647c-4190-b268-ae7ec8f882f6)
  file-watcher-1     | INFO 2025-08-25 01:58:57,854 file_watcher 1 140138755009408 File watcher: Processing new segment 97200a82-647c-4190-b268-ae7ec8f882f61.ts (stream: 
  97200a82-647c-4190-b268-ae7ec8f882f6)
  file-watcher-1     | INFO 2025-08-25 01:58:57,854 segment_events 1 140138755009408 Published segment event: /app/media/97200a82-647c-4190-b268-ae7ec8f882f61.ts (queue length: 2)
  file-watcher-1     | INFO 2025-08-25 01:58:57,854 file_watcher 1 140138755009408 File watcher: Published segment event for 97200a82-647c-4190-b268-ae7ec8f882f61.ts
  file-watcher-1     | INFO 2025-08-25 01:58:57,854 file_watcher 1 140138755009408 File watcher: Published segment event for 97200a82-647c-4190-b268-ae7ec8f882f61.ts
  file-watcher-1     | DEBUG 2025-08-25 01:58:59,855 file_watcher 1 140138755009408 File watcher: Found 2 total .ts files, 2 already processed
  file-watcher-1     | DEBUG 2025-08-25 01:58:59,855 file_watcher 1 140138755009408 File watcher: Found 2 total .ts files, 2 already processed
  file-watcher-1     | DEBUG 2025-08-25 01:59:01,855 file_watcher 1 140138755009408 File watcher: Found 2 total .ts files, 2 already processed
  file-watcher-1     | DEBUG 2025-08-25 01:59:01,855 file_watcher 1 140138755009408 File watcher: Found 2 total .ts files, 2 already processed
  file-watcher-1     | DEBUG 2025-08-25 01:59:03,855 file_watcher 1 140138755009408 File watcher: Found 2 total .ts files, 2 already processed
  file-watcher-1     | DEBUG 2025-08-25 01:59:03,855 file_watcher 1 140138755009408 File watcher: Found 2 total .ts files, 2 already processed
  nginx-rtmp-1       | 172.18.0.10 - - [25/Aug/2025:01:59:04 +0000] "GET /97200a82-647c-4190-b268-ae7ec8f882f6.m3u8 HTTP/1.1" 200 191 "http://localhost:4200/" "Mozilla/5.0 (X11; Linux x86_64) 
  AppleWebKit/537.36 (KHTML, like Gecko) Chrome/138.0.0.0 Safari/537.36"
  frontend-1         | 2025/08/25 01:59:04 [warn] 32#32: *9 upstream sent duplicate header line: "Content-Type: application/vnd.apple.mpegurl", previous value: "Content-Type: application/octet-stream", 
  ignored while reading response header from upstream, client: 172.18.0.1, server: localhost, request: "GET /streaming/97200a82-647c-4190-b268-ae7ec8f882f6.m3u8 HTTP/1.1", upstream: 
  "http://172.18.0.4:80/97200a82-647c-4190-b268-ae7ec8f882f6.m3u8", host: "localhost:4200", referrer: "http://localhost:4200/"
  frontend-1         | 172.18.0.1 - - [25/Aug/2025:01:59:04 +0000] "GET /streaming/97200a82-647c-4190-b268-ae7ec8f882f6.m3u8 HTTP/1.1" 200 191 "http://localhost:4200/" "Mozilla/5.0 (X11; Linux x86_64) 
  AppleWebKit/537.36 (KHTML, like Gecko) Chrome/138.0.0.0 Safari/537.36" "-"
  frontend-1         | 2025/08/25 01:59:04 [warn] 32#32: *9 upstream sent duplicate header line: "Content-Type: application/vnd.apple.mpegurl", previous value: "Content-Type: application/octet-stream", 
  ignored while reading response header from upstream, client: 172.18.0.1, server: localhost, request: "GET /streaming/97200a82-647c-4190-b268-ae7ec8f882f6.m3u8 HTTP/1.1", upstream: 
  "http://172.18.0.4:80/97200a82-647c-4190-b268-ae7ec8f882f6.m3u8", host: "localhost:4200", referrer: "http://localhost:4200/"
  frontend-1         | 172.18.0.1 - - [25/Aug/2025:01:59:04 +0000] "GET /streaming/97200a82-647c-4190-b268-ae7ec8f882f6.m3u8 HTTP/1.1" 200 191 "http://localhost:4200/" "Mozilla/5.0 (X11; Linux x86_64) 
  AppleWebKit/537.36 (KHTML, like Gecko) Chrome/138.0.0.0 Safari/537.36" "-"
  frontend-1         | 2025/08/25 01:59:04 [warn] 32#32: *9 upstream sent duplicate header line: "Content-Type: video/mp2t", previous value: "Content-Type: application/octet-stream", ignored while reading 
  response header from upstream, client: 172.18.0.1, server: localhost, request: "GET /streaming/97200a82-647c-4190-b268-ae7ec8f882f61.ts HTTP/1.1", upstream: 
  "http://172.18.0.4:80/97200a82-647c-4190-b268-ae7ec8f882f61.ts", host: "localhost:4200", referrer: "http://localhost:4200/"
